[0.011s] Invoking command in '/home/wukong/WALL_E/build/wall_e_bringup': CMAKE_PREFIX_PATH=${CMAKE_PREFIX_PATH}:/opt/ros/jazzy CONDA_PROMPT_MODIFIER=(base) DEBUGINFOD_URLS=https://debuginfod.ubuntu.com /usr/bin/cmake /home/wukong/WALL_E/src/wall_e_bringup -DCMAKE_INSTALL_PREFIX=/home/wukong/WALL_E/install/wall_e_bringup
[0.049s] -- Found ament_cmake: 2.5.6 (/opt/ros/jazzy/share/ament_cmake/cmake)
[0.184s] -- Override CMake install command with custom implementation using symlinks instead of copying resources
[0.197s] -- Found rclcpp: 28.1.18 (/opt/ros/jazzy/share/rclcpp/cmake)
[0.226s] -- Found rosidl_generator_c: 4.6.7 (/opt/ros/jazzy/share/rosidl_generator_c/cmake)
[0.233s] -- Found rosidl_generator_cpp: 4.6.7 (/opt/ros/jazzy/share/rosidl_generator_cpp/cmake)
[0.244s] -- Using all available rosidl_typesupport_c: rosidl_typesupport_fastrtps_c;rosidl_typesupport_introspection_c
[0.256s] -- Using all available rosidl_typesupport_cpp: rosidl_typesupport_fastrtps_cpp;rosidl_typesupport_introspection_cpp
[0.310s] -- Found rmw_implementation_cmake: 7.3.3 (/opt/ros/jazzy/share/rmw_implementation_cmake/cmake)
[0.312s] -- Found rmw_fastrtps_cpp: 8.4.3 (/opt/ros/jazzy/share/rmw_fastrtps_cpp/cmake)
[0.370s] -- Using RMW implementation 'rmw_fastrtps_cpp' as default
[0.424s] -- Found geometry_msgs: 5.3.7 (/opt/ros/jazzy/share/geometry_msgs/cmake)
[0.451s] -- Found sensor_msgs: 5.3.7 (/opt/ros/jazzy/share/sensor_msgs/cmake)
[0.470s] -- Found nav_msgs: 5.3.7 (/opt/ros/jazzy/share/nav_msgs/cmake)
[0.492s] -- Found tf2: 0.36.20 (/opt/ros/jazzy/share/tf2/cmake)
[0.495s] -- Found tf2_ros: 0.36.20 (/opt/ros/jazzy/share/tf2_ros/cmake)
[0.589s] -- Found ament_lint_auto: 0.17.5 (/opt/ros/jazzy/share/ament_lint_auto/cmake)
[0.669s] -- Added test 'cppcheck' to perform static code analysis on C / C++ code
[0.669s] -- Configured cppcheck include dirs: 
[0.669s] -- Configured cppcheck exclude dirs and/or files: 
[0.670s] -- Added test 'flake8' to check Python code syntax and style conventions
[0.670s] -- Configured 'flake8' exclude dirs and/or files: 
[0.670s] -- Added test 'lint_cmake' to check CMake code style
[0.671s] -- Added test 'pep257' to check Python code against some of the docstring style conventions in PEP 257
[0.672s] -- Added test 'uncrustify' to check C / C++ code style
[0.672s] -- Configured uncrustify additional arguments: 
[0.673s] -- Added test 'xmllint' to check XML markup files
[0.674s] -- Configuring done (0.6s)
[0.699s] -- Generating done (0.0s)
[0.706s] -- Build files have been written to: /home/wukong/WALL_E/build/wall_e_bringup
[0.714s] Invoked command in '/home/wukong/WALL_E/build/wall_e_bringup' returned '0': CMAKE_PREFIX_PATH=${CMAKE_PREFIX_PATH}:/opt/ros/jazzy CONDA_PROMPT_MODIFIER=(base) DEBUGINFOD_URLS=https://debuginfod.ubuntu.com /usr/bin/cmake /home/wukong/WALL_E/src/wall_e_bringup -DCMAKE_INSTALL_PREFIX=/home/wukong/WALL_E/install/wall_e_bringup
[0.715s] Invoking command in '/home/wukong/WALL_E/build/wall_e_bringup': CMAKE_PREFIX_PATH=${CMAKE_PREFIX_PATH}:/opt/ros/jazzy CONDA_PROMPT_MODIFIER=(base) DEBUGINFOD_URLS=https://debuginfod.ubuntu.com /usr/bin/cmake --build /home/wukong/WALL_E/build/wall_e_bringup -- -j16 -l16
[0.776s] [ 25%] Built target mega_node
[0.776s] [ 50%] Built target controller_node
[0.776s] [ 87%] Built target uno_bridge
[0.776s] [100%] Built target state_machine
[0.788s] Invoked command in '/home/wukong/WALL_E/build/wall_e_bringup' returned '0': CMAKE_PREFIX_PATH=${CMAKE_PREFIX_PATH}:/opt/ros/jazzy CONDA_PROMPT_MODIFIER=(base) DEBUGINFOD_URLS=https://debuginfod.ubuntu.com /usr/bin/cmake --build /home/wukong/WALL_E/build/wall_e_bringup -- -j16 -l16
[0.799s] Invoking command in '/home/wukong/WALL_E/build/wall_e_bringup': CMAKE_PREFIX_PATH=${CMAKE_PREFIX_PATH}:/opt/ros/jazzy CONDA_PROMPT_MODIFIER=(base) DEBUGINFOD_URLS=https://debuginfod.ubuntu.com /usr/bin/cmake --install /home/wukong/WALL_E/build/wall_e_bringup
[0.807s] -- Install configuration: ""
[0.807s] -- Execute custom install script
[0.808s] -- Up-to-date symlink: /home/wukong/WALL_E/install/wall_e_bringup/lib/wall_e_bringup/mega_node
[0.808s] -- Up-to-date symlink: /home/wukong/WALL_E/install/wall_e_bringup/lib/wall_e_bringup/uno_bridge
[0.808s] -- Up-to-date symlink: /home/wukong/WALL_E/install/wall_e_bringup/lib/wall_e_bringup/state_machine
[0.808s] -- Up-to-date symlink: /home/wukong/WALL_E/install/wall_e_bringup/lib/wall_e_bringup/controller_node
[0.808s] -- Up-to-date symlink: /home/wukong/WALL_E/install/wall_e_bringup/lib/wall_e_bringup/llama_interpreter_node.py
[0.808s] -- Up-to-date symlink: /home/wukong/WALL_E/install/wall_e_bringup/lib/wall_e_bringup/llama_nav_node.py
[0.808s] -- Up-to-date symlink: /home/wukong/WALL_E/install/wall_e_bringup/lib/wall_e_bringup/fake_odom.py
[0.808s] -- Up-to-date symlink: /home/wukong/WALL_E/install/wall_e_bringup/lib/wall_e_bringup/udp_godot_bridge.py
[0.808s] -- Up-to-date symlink: /home/wukong/WALL_E/install/wall_e_bringup/lib/wall_e_bringup/yolo_nav_node.py
[0.808s] -- Up-to-date symlink: /home/wukong/WALL_E/install/wall_e_bringup/lib/wall_e_bringup/webrtc_video_bridge.py
[0.808s] -- Up-to-date symlink: /home/wukong/WALL_E/install/wall_e_bringup/share/wall_e_bringup/launch/wall_e.launch.py
[0.809s] -- Up-to-date symlink: /home/wukong/WALL_E/install/wall_e_bringup/share/wall_e_bringup/launch/wall_e_gazebo.launch.py
[0.809s] -- Up-to-date symlink: /home/wukong/WALL_E/install/wall_e_bringup/share/wall_e_bringup/urdf/wall_e.urdf.xacro
[0.809s] -- Up-to-date symlink: /home/wukong/WALL_E/install/wall_e_bringup/share/wall_e_bringup/config/nav2_params.yaml
[0.809s] -- Up-to-date symlink: /home/wukong/WALL_E/install/wall_e_bringup/share/wall_e_bringup/config/rtabmap.yaml
[0.809s] -- Up-to-date symlink: /home/wukong/WALL_E/install/wall_e_bringup/share/wall_e_bringup/worlds/test_room.sdf
[0.809s] -- Up-to-date symlink: /home/wukong/WALL_E/install/wall_e_bringup/share/ament_index/resource_index/package_run_dependencies/wall_e_bringup
[0.809s] -- Up-to-date symlink: /home/wukong/WALL_E/install/wall_e_bringup/share/ament_index/resource_index/parent_prefix_path/wall_e_bringup
[0.809s] -- Up-to-date symlink: /home/wukong/WALL_E/install/wall_e_bringup/share/wall_e_bringup/environment/ament_prefix_path.sh
[0.809s] -- Up-to-date symlink: /home/wukong/WALL_E/install/wall_e_bringup/share/wall_e_bringup/environment/ament_prefix_path.dsv
[0.809s] -- Up-to-date symlink: /home/wukong/WALL_E/install/wall_e_bringup/share/wall_e_bringup/environment/path.sh
[0.810s] -- Up-to-date symlink: /home/wukong/WALL_E/install/wall_e_bringup/share/wall_e_bringup/environment/path.dsv
[0.810s] -- Up-to-date symlink: /home/wukong/WALL_E/install/wall_e_bringup/share/wall_e_bringup/local_setup.bash
[0.810s] -- Up-to-date symlink: /home/wukong/WALL_E/install/wall_e_bringup/share/wall_e_bringup/local_setup.sh
[0.810s] -- Up-to-date symlink: /home/wukong/WALL_E/install/wall_e_bringup/share/wall_e_bringup/local_setup.zsh
[0.810s] -- Up-to-date symlink: /home/wukong/WALL_E/install/wall_e_bringup/share/wall_e_bringup/local_setup.dsv
[0.810s] -- Symlinking: /home/wukong/WALL_E/install/wall_e_bringup/share/wall_e_bringup/package.dsv
[0.819s] -- Up-to-date symlink: /home/wukong/WALL_E/install/wall_e_bringup/share/ament_index/resource_index/packages/wall_e_bringup
[0.819s] -- Up-to-date symlink: /home/wukong/WALL_E/install/wall_e_bringup/share/wall_e_bringup/cmake/wall_e_bringupConfig.cmake
[0.819s] -- Up-to-date symlink: /home/wukong/WALL_E/install/wall_e_bringup/share/wall_e_bringup/cmake/wall_e_bringupConfig-version.cmake
[0.819s] -- Up-to-date symlink: /home/wukong/WALL_E/install/wall_e_bringup/share/wall_e_bringup/package.xml
[0.820s] Invoked command in '/home/wukong/WALL_E/build/wall_e_bringup' returned '0': CMAKE_PREFIX_PATH=${CMAKE_PREFIX_PATH}:/opt/ros/jazzy CONDA_PROMPT_MODIFIER=(base) DEBUGINFOD_URLS=https://debuginfod.ubuntu.com /usr/bin/cmake --install /home/wukong/WALL_E/build/wall_e_bringup
