[0.019s] Invoking command in '/home/wukong/WALL_E/build/wall_e_bringup': CMAKE_PREFIX_PATH=${CMAKE_PREFIX_PATH}:/opt/ros/jazzy CONDA_PROMPT_MODIFIER=(base) DEBUGINFOD_URLS=https://debuginfod.ubuntu.com /usr/bin/cmake --build /home/wukong/WALL_E/build/wall_e_bringup -- -j16 -l16
[0.057s] -- Found ament_cmake: 2.5.6 (/opt/ros/jazzy/share/ament_cmake/cmake)
[0.314s] -- Override CMake install command with custom implementation using symlinks instead of copying resources
[0.324s] -- Found rclcpp: 28.1.18 (/opt/ros/jazzy/share/rclcpp/cmake)
[0.360s] -- Found rosidl_generator_c: 4.6.7 (/opt/ros/jazzy/share/rosidl_generator_c/cmake)
[0.371s] -- Found rosidl_generator_cpp: 4.6.7 (/opt/ros/jazzy/share/rosidl_generator_cpp/cmake)
[0.385s] -- Using all available rosidl_typesupport_c: rosidl_typesupport_fastrtps_c;rosidl_typesupport_introspection_c
[0.402s] -- Using all available rosidl_typesupport_cpp: rosidl_typesupport_fastrtps_cpp;rosidl_typesupport_introspection_cpp
[0.481s] -- Found rmw_implementation_cmake: 7.3.3 (/opt/ros/jazzy/share/rmw_implementation_cmake/cmake)
[0.482s] -- Found rmw_fastrtps_cpp: 8.4.3 (/opt/ros/jazzy/share/rmw_fastrtps_cpp/cmake)
[0.570s] -- Using RMW implementation 'rmw_fastrtps_cpp' as default
[0.652s] -- Found geometry_msgs: 5.3.7 (/opt/ros/jazzy/share/geometry_msgs/cmake)
[0.692s] -- Found sensor_msgs: 5.3.7 (/opt/ros/jazzy/share/sensor_msgs/cmake)
[0.725s] -- Found nav_msgs: 5.3.7 (/opt/ros/jazzy/share/nav_msgs/cmake)
[0.761s] -- Found tf2: 0.36.20 (/opt/ros/jazzy/share/tf2/cmake)
[0.765s] -- Found tf2_ros: 0.36.20 (/opt/ros/jazzy/share/tf2_ros/cmake)
[0.913s] -- Found ament_lint_auto: 0.17.5 (/opt/ros/jazzy/share/ament_lint_auto/cmake)
[1.042s] -- Added test 'cppcheck' to perform static code analysis on C / C++ code
[1.042s] -- Configured cppcheck include dirs: 
[1.043s] -- Configured cppcheck exclude dirs and/or files: 
[1.043s] -- Added test 'flake8' to check Python code syntax and style conventions
[1.043s] -- Configured 'flake8' exclude dirs and/or files: 
[1.044s] -- Added test 'lint_cmake' to check CMake code style
[1.044s] -- Added test 'pep257' to check Python code against some of the docstring style conventions in PEP 257
[1.046s] -- Added test 'uncrustify' to check C / C++ code style
[1.046s] -- Configured uncrustify additional arguments: 
[1.047s] -- Added test 'xmllint' to check XML markup files
[1.048s] -- Configuring done (1.0s)
[1.079s] -- Generating done (0.0s)
[1.089s] -- Build files have been written to: /home/wukong/WALL_E/build/wall_e_bringup
[1.165s] [ 62%] Built target state_machine
[1.165s] [ 62%] [32mBuilding CXX object CMakeFiles/mega_node.dir/src/mega_node.cpp.o[0m
[1.165s] [ 87%] Built target uno_bridge
[1.165s] [ 87%] Built target controller_node
[7.046s] [100%] [32m[1mLinking CXX executable mega_node[0m
[7.276s] [100%] Built target mega_node
[7.285s] Invoked command in '/home/wukong/WALL_E/build/wall_e_bringup' returned '0': CMAKE_PREFIX_PATH=${CMAKE_PREFIX_PATH}:/opt/ros/jazzy CONDA_PROMPT_MODIFIER=(base) DEBUGINFOD_URLS=https://debuginfod.ubuntu.com /usr/bin/cmake --build /home/wukong/WALL_E/build/wall_e_bringup -- -j16 -l16
[7.293s] Invoking command in '/home/wukong/WALL_E/build/wall_e_bringup': CMAKE_PREFIX_PATH=${CMAKE_PREFIX_PATH}:/opt/ros/jazzy CONDA_PROMPT_MODIFIER=(base) DEBUGINFOD_URLS=https://debuginfod.ubuntu.com /usr/bin/cmake --install /home/wukong/WALL_E/build/wall_e_bringup
[7.298s] -- Install configuration: ""
[7.299s] -- Execute custom install script
[7.299s] -- Up-to-date symlink: /home/wukong/WALL_E/install/wall_e_bringup/lib/wall_e_bringup/mega_node
[7.299s] -- Up-to-date symlink: /home/wukong/WALL_E/install/wall_e_bringup/lib/wall_e_bringup/uno_bridge
[7.299s] -- Up-to-date symlink: /home/wukong/WALL_E/install/wall_e_bringup/lib/wall_e_bringup/state_machine
[7.299s] -- Up-to-date symlink: /home/wukong/WALL_E/install/wall_e_bringup/lib/wall_e_bringup/controller_node
[7.299s] -- Up-to-date symlink: /home/wukong/WALL_E/install/wall_e_bringup/lib/wall_e_bringup/llama_interpreter_node.py
[7.299s] -- Up-to-date symlink: /home/wukong/WALL_E/install/wall_e_bringup/lib/wall_e_bringup/llama_nav_node.py
[7.299s] -- Up-to-date symlink: /home/wukong/WALL_E/install/wall_e_bringup/lib/wall_e_bringup/fake_odom.py
[7.299s] -- Up-to-date symlink: /home/wukong/WALL_E/install/wall_e_bringup/lib/wall_e_bringup/udp_godot_bridge.py
[7.299s] -- Up-to-date symlink: /home/wukong/WALL_E/install/wall_e_bringup/lib/wall_e_bringup/yolo_nav_node.py
[7.300s] -- Up-to-date symlink: /home/wukong/WALL_E/install/wall_e_bringup/lib/wall_e_bringup/webrtc_video_bridge.py
[7.300s] -- Up-to-date symlink: /home/wukong/WALL_E/install/wall_e_bringup/share/wall_e_bringup/launch/wall_e.launch.py
[7.300s] -- Up-to-date symlink: /home/wukong/WALL_E/install/wall_e_bringup/share/wall_e_bringup/urdf/wall_e.urdf.xacro
[7.300s] -- Up-to-date symlink: /home/wukong/WALL_E/install/wall_e_bringup/share/wall_e_bringup/config/nav2_params.yaml
[7.300s] -- Up-to-date symlink: /home/wukong/WALL_E/install/wall_e_bringup/share/wall_e_bringup/config/rtabmap.yaml
[7.300s] -- Up-to-date symlink: /home/wukong/WALL_E/install/wall_e_bringup/share/ament_index/resource_index/package_run_dependencies/wall_e_bringup
[7.300s] -- Up-to-date symlink: /home/wukong/WALL_E/install/wall_e_bringup/share/ament_index/resource_index/parent_prefix_path/wall_e_bringup
[7.300s] -- Up-to-date symlink: /home/wukong/WALL_E/install/wall_e_bringup/share/wall_e_bringup/environment/ament_prefix_path.sh
[7.300s] -- Up-to-date symlink: /home/wukong/WALL_E/install/wall_e_bringup/share/wall_e_bringup/environment/ament_prefix_path.dsv
[7.300s] -- Up-to-date symlink: /home/wukong/WALL_E/install/wall_e_bringup/share/wall_e_bringup/environment/path.sh
[7.301s] -- Up-to-date symlink: /home/wukong/WALL_E/install/wall_e_bringup/share/wall_e_bringup/environment/path.dsv
[7.301s] -- Up-to-date symlink: /home/wukong/WALL_E/install/wall_e_bringup/share/wall_e_bringup/local_setup.bash
[7.301s] -- Up-to-date symlink: /home/wukong/WALL_E/install/wall_e_bringup/share/wall_e_bringup/local_setup.sh
[7.301s] -- Up-to-date symlink: /home/wukong/WALL_E/install/wall_e_bringup/share/wall_e_bringup/local_setup.zsh
[7.301s] -- Up-to-date symlink: /home/wukong/WALL_E/install/wall_e_bringup/share/wall_e_bringup/local_setup.dsv
[7.301s] -- Symlinking: /home/wukong/WALL_E/install/wall_e_bringup/share/wall_e_bringup/package.dsv
[7.308s] -- Up-to-date symlink: /home/wukong/WALL_E/install/wall_e_bringup/share/ament_index/resource_index/packages/wall_e_bringup
[7.308s] -- Up-to-date symlink: /home/wukong/WALL_E/install/wall_e_bringup/share/wall_e_bringup/cmake/wall_e_bringupConfig.cmake
[7.308s] -- Up-to-date symlink: /home/wukong/WALL_E/install/wall_e_bringup/share/wall_e_bringup/cmake/wall_e_bringupConfig-version.cmake
[7.308s] -- Up-to-date symlink: /home/wukong/WALL_E/install/wall_e_bringup/share/wall_e_bringup/package.xml
[7.311s] Invoked command in '/home/wukong/WALL_E/build/wall_e_bringup' returned '0': CMAKE_PREFIX_PATH=${CMAKE_PREFIX_PATH}:/opt/ros/jazzy CONDA_PROMPT_MODIFIER=(base) DEBUGINFOD_URLS=https://debuginfod.ubuntu.com /usr/bin/cmake --install /home/wukong/WALL_E/build/wall_e_bringup
