[0.021s] Invoking command in '/home/wukong/WALL_E/build/wall_e_bringup': CMAKE_PREFIX_PATH=${CMAKE_PREFIX_PATH}:/opt/ros/jazzy CONDA_PROMPT_MODIFIER=(base) DEBUGINFOD_URLS=https://debuginfod.ubuntu.com /usr/bin/cmake --build /home/wukong/WALL_E/build/wall_e_bringup -- -j16 -l16
[0.071s] -- Found ament_cmake: 2.5.6 (/opt/ros/jazzy/share/ament_cmake/cmake)
[0.341s] -- Override CMake install command with custom implementation using symlinks instead of copying resources
[0.351s] -- Found rclcpp: 28.1.18 (/opt/ros/jazzy/share/rclcpp/cmake)
[0.388s] -- Found rosidl_generator_c: 4.6.7 (/opt/ros/jazzy/share/rosidl_generator_c/cmake)
[0.400s] -- Found rosidl_generator_cpp: 4.6.7 (/opt/ros/jazzy/share/rosidl_generator_cpp/cmake)
[0.415s] -- Using all available rosidl_typesupport_c: rosidl_typesupport_fastrtps_c;rosidl_typesupport_introspection_c
[0.432s] -- Using all available rosidl_typesupport_cpp: rosidl_typesupport_fastrtps_cpp;rosidl_typesupport_introspection_cpp
[0.516s] -- Found rmw_implementation_cmake: 7.3.3 (/opt/ros/jazzy/share/rmw_implementation_cmake/cmake)
[0.517s] -- Found rmw_fastrtps_cpp: 8.4.3 (/opt/ros/jazzy/share/rmw_fastrtps_cpp/cmake)
[0.590s] -- Using RMW implementation 'rmw_fastrtps_cpp' as default
[0.638s] -- Found geometry_msgs: 5.3.7 (/opt/ros/jazzy/share/geometry_msgs/cmake)
[0.658s] -- Found sensor_msgs: 5.3.7 (/opt/ros/jazzy/share/sensor_msgs/cmake)
[0.675s] -- Found nav_msgs: 5.3.7 (/opt/ros/jazzy/share/nav_msgs/cmake)
[0.693s] -- Found tf2: 0.36.20 (/opt/ros/jazzy/share/tf2/cmake)
[0.695s] -- Found tf2_ros: 0.36.20 (/opt/ros/jazzy/share/tf2_ros/cmake)
[0.780s] -- Found ament_lint_auto: 0.17.5 (/opt/ros/jazzy/share/ament_lint_auto/cmake)
[0.867s] -- Added test 'cppcheck' to perform static code analysis on C / C++ code
[0.867s] -- Configured cppcheck include dirs: 
[0.867s] -- Configured cppcheck exclude dirs and/or files: 
[0.868s] -- Added test 'flake8' to check Python code syntax and style conventions
[0.868s] -- Configured 'flake8' exclude dirs and/or files: 
[0.868s] -- Added test 'lint_cmake' to check CMake code style
[0.869s] -- Added test 'pep257' to check Python code against some of the docstring style conventions in PEP 257
[0.870s] -- Added test 'uncrustify' to check C / C++ code style
[0.870s] -- Configured uncrustify additional arguments: 
[0.870s] -- Added test 'xmllint' to check XML markup files
[0.871s] -- Configuring done (0.8s)
[0.890s] -- Generating done (0.0s)
[0.895s] -- Build files have been written to: /home/wukong/WALL_E/build/wall_e_bringup
[0.947s] [ 75%] Built target mega_node
[0.947s] [ 75%] Built target controller_node
[0.947s] [ 75%] Built target uno_bridge
[0.947s] [100%] Built target state_machine
[0.958s] Invoked command in '/home/wukong/WALL_E/build/wall_e_bringup' returned '0': CMAKE_PREFIX_PATH=${CMAKE_PREFIX_PATH}:/opt/ros/jazzy CONDA_PROMPT_MODIFIER=(base) DEBUGINFOD_URLS=https://debuginfod.ubuntu.com /usr/bin/cmake --build /home/wukong/WALL_E/build/wall_e_bringup -- -j16 -l16
[0.969s] Invoking command in '/home/wukong/WALL_E/build/wall_e_bringup': CMAKE_PREFIX_PATH=${CMAKE_PREFIX_PATH}:/opt/ros/jazzy CONDA_PROMPT_MODIFIER=(base) DEBUGINFOD_URLS=https://debuginfod.ubuntu.com /usr/bin/cmake --install /home/wukong/WALL_E/build/wall_e_bringup
[0.976s] -- Install configuration: ""
[0.976s] -- Execute custom install script
[0.977s] -- Up-to-date symlink: /home/wukong/WALL_E/install/wall_e_bringup/lib/wall_e_bringup/mega_node
[0.977s] -- Up-to-date symlink: /home/wukong/WALL_E/install/wall_e_bringup/lib/wall_e_bringup/uno_bridge
[0.977s] -- Up-to-date symlink: /home/wukong/WALL_E/install/wall_e_bringup/lib/wall_e_bringup/state_machine
[0.977s] -- Up-to-date symlink: /home/wukong/WALL_E/install/wall_e_bringup/lib/wall_e_bringup/controller_node
[0.977s] -- Up-to-date symlink: /home/wukong/WALL_E/install/wall_e_bringup/lib/wall_e_bringup/llama_interpreter_node.py
[0.977s] -- Up-to-date symlink: /home/wukong/WALL_E/install/wall_e_bringup/lib/wall_e_bringup/llama_nav_node.py
[0.977s] -- Up-to-date symlink: /home/wukong/WALL_E/install/wall_e_bringup/lib/wall_e_bringup/fake_odom.py
[0.978s] -- Up-to-date symlink: /home/wukong/WALL_E/install/wall_e_bringup/lib/wall_e_bringup/udp_godot_bridge.py
[0.978s] -- Up-to-date symlink: /home/wukong/WALL_E/install/wall_e_bringup/lib/wall_e_bringup/yolo_nav_node.py
[0.978s] -- Up-to-date symlink: /home/wukong/WALL_E/install/wall_e_bringup/lib/wall_e_bringup/webrtc_video_bridge.py
[0.978s] -- Up-to-date symlink: /home/wukong/WALL_E/install/wall_e_bringup/share/wall_e_bringup/launch/wall_e.launch.py
[0.978s] -- Symlinking: /home/wukong/WALL_E/install/wall_e_bringup/share/wall_e_bringup/launch/wall_e_gazebo.launch.py
[0.988s] -- Up-to-date symlink: /home/wukong/WALL_E/install/wall_e_bringup/share/wall_e_bringup/urdf/wall_e.urdf.xacro
[0.989s] -- Up-to-date symlink: /home/wukong/WALL_E/install/wall_e_bringup/share/wall_e_bringup/config/nav2_params.yaml
[0.989s] -- Up-to-date symlink: /home/wukong/WALL_E/install/wall_e_bringup/share/wall_e_bringup/config/rtabmap.yaml
[0.989s] -- Symlinking: /home/wukong/WALL_E/install/wall_e_bringup/share/wall_e_bringup/worlds/test_room.sdf
[0.999s] -- Up-to-date symlink: /home/wukong/WALL_E/install/wall_e_bringup/share/ament_index/resource_index/package_run_dependencies/wall_e_bringup
[0.999s] -- Up-to-date symlink: /home/wukong/WALL_E/install/wall_e_bringup/share/ament_index/resource_index/parent_prefix_path/wall_e_bringup
[0.999s] -- Up-to-date symlink: /home/wukong/WALL_E/install/wall_e_bringup/share/wall_e_bringup/environment/ament_prefix_path.sh
[0.999s] -- Up-to-date symlink: /home/wukong/WALL_E/install/wall_e_bringup/share/wall_e_bringup/environment/ament_prefix_path.dsv
[0.999s] -- Up-to-date symlink: /home/wukong/WALL_E/install/wall_e_bringup/share/wall_e_bringup/environment/path.sh
[0.999s] -- Up-to-date symlink: /home/wukong/WALL_E/install/wall_e_bringup/share/wall_e_bringup/environment/path.dsv
[0.999s] -- Up-to-date symlink: /home/wukong/WALL_E/install/wall_e_bringup/share/wall_e_bringup/local_setup.bash
[0.999s] -- Up-to-date symlink: /home/wukong/WALL_E/install/wall_e_bringup/share/wall_e_bringup/local_setup.sh
[1.000s] -- Up-to-date symlink: /home/wukong/WALL_E/install/wall_e_bringup/share/wall_e_bringup/local_setup.zsh
[1.000s] -- Up-to-date symlink: /home/wukong/WALL_E/install/wall_e_bringup/share/wall_e_bringup/local_setup.dsv
[1.000s] -- Symlinking: /home/wukong/WALL_E/install/wall_e_bringup/share/wall_e_bringup/package.dsv
[1.007s] -- Up-to-date symlink: /home/wukong/WALL_E/install/wall_e_bringup/share/ament_index/resource_index/packages/wall_e_bringup
[1.008s] -- Up-to-date symlink: /home/wukong/WALL_E/install/wall_e_bringup/share/wall_e_bringup/cmake/wall_e_bringupConfig.cmake
[1.008s] -- Up-to-date symlink: /home/wukong/WALL_E/install/wall_e_bringup/share/wall_e_bringup/cmake/wall_e_bringupConfig-version.cmake
[1.008s] -- Up-to-date symlink: /home/wukong/WALL_E/install/wall_e_bringup/share/wall_e_bringup/package.xml
[1.009s] Invoked command in '/home/wukong/WALL_E/build/wall_e_bringup' returned '0': CMAKE_PREFIX_PATH=${CMAKE_PREFIX_PATH}:/opt/ros/jazzy CONDA_PROMPT_MODIFIER=(base) DEBUGINFOD_URLS=https://debuginfod.ubuntu.com /usr/bin/cmake --install /home/wukong/WALL_E/build/wall_e_bringup
