-- Found ament_cmake: 2.5.6 (/opt/ros/jazzy/share/ament_cmake/cmake)
-- Override CMake install command with custom implementation using symlinks instead of copying resources
-- Found rclcpp: 28.1.21 (/opt/ros/jazzy/share/rclcpp/cmake)
-- Found rosidl_generator_c: 4.6.9 (/opt/ros/jazzy/share/rosidl_generator_c/cmake)
-- Found rosidl_generator_cpp: 4.6.9 (/opt/ros/jazzy/share/rosidl_generator_cpp/cmake)
-- Using all available rosidl_typesupport_c: rosidl_typesupport_fastrtps_c;rosidl_typesupport_introspection_c
-- Using all available rosidl_typesupport_cpp: rosidl_typesupport_fastrtps_cpp;rosidl_typesupport_introspection_cpp
-- Found rmw_implementation_cmake: 7.3.3 (/opt/ros/jazzy/share/rmw_implementation_cmake/cmake)
-- Found rmw_fastrtps_cpp: 8.4.4 (/opt/ros/jazzy/share/rmw_fastrtps_cpp/cmake)
-- Using RMW implementation 'rmw_fastrtps_cpp' as default
-- Found geometry_msgs: 5.3.8 (/opt/ros/jazzy/share/geometry_msgs/cmake)
-- Found sensor_msgs: 5.3.8 (/opt/ros/jazzy/share/sensor_msgs/cmake)
-- Found nav_msgs: 5.3.8 (/opt/ros/jazzy/share/nav_msgs/cmake)
-- Found tf2: 0.36.21 (/opt/ros/jazzy/share/tf2/cmake)
-- Found tf2_ros: 0.36.21 (/opt/ros/jazzy/share/tf2_ros/cmake)
-- Found ament_lint_auto: 0.17.5 (/opt/ros/jazzy/share/ament_lint_auto/cmake)
-- Added test 'cppcheck' to perform static code analysis on C / C++ code
-- Configured cppcheck include dirs: 
-- Configured cppcheck exclude dirs and/or files: 
-- Added test 'flake8' to check Python code syntax and style conventions
-- Configured 'flake8' exclude dirs and/or files: 
-- Added test 'lint_cmake' to check CMake code style
-- Added test 'pep257' to check Python code against some of the docstring style conventions in PEP 257
-- Added test 'uncrustify' to check C / C++ code style
-- Configured uncrustify additional arguments: 
-- Added test 'xmllint' to check XML markup files
-- Configuring done (0.9s)
-- Generating done (0.0s)
-- Build files have been written to: /home/wukong/WALL_E/src/build/wall_e_bringup
[ 25%] [32mBuilding CXX object CMakeFiles/state_machine.dir/src/state_machine.cpp.o[0m
[ 25%] [32mBuilding CXX object CMakeFiles/controller_node.dir/src/controller_node.cpp.o[0m
[ 37%] [32mBuilding CXX object CMakeFiles/uno_bridge.dir/src/uno_bridge.cpp.o[0m
[ 50%] [32mBuilding CXX object CMakeFiles/mega_node.dir/src/mega_node.cpp.o[0m
[ 62%] [32m[1mLinking CXX executable uno_bridge[0m
[ 62%] Built target uno_bridge
[ 75%] [32m[1mLinking CXX executable mega_node[0m
[ 75%] Built target mega_node
[ 87%] [32m[1mLinking CXX executable controller_node[0m
[ 87%] Built target controller_node
[100%] [32m[1mLinking CXX executable state_machine[0m
[100%] Built target state_machine
-- Install configuration: ""
-- Execute custom install script
-- Up-to-date symlink: /home/wukong/WALL_E/src/install/wall_e_bringup/lib/wall_e_bringup/mega_node
-- Up-to-date symlink: /home/wukong/WALL_E/src/install/wall_e_bringup/lib/wall_e_bringup/uno_bridge
-- Up-to-date symlink: /home/wukong/WALL_E/src/install/wall_e_bringup/lib/wall_e_bringup/state_machine
-- Up-to-date symlink: /home/wukong/WALL_E/src/install/wall_e_bringup/lib/wall_e_bringup/controller_node
-- Up-to-date symlink: /home/wukong/WALL_E/src/install/wall_e_bringup/lib/wall_e_bringup/llama_interpreter_node.py
-- Up-to-date symlink: /home/wukong/WALL_E/src/install/wall_e_bringup/lib/wall_e_bringup/llama_nav_node.py
-- Up-to-date symlink: /home/wukong/WALL_E/src/install/wall_e_bringup/lib/wall_e_bringup/fake_odom.py
-- Up-to-date symlink: /home/wukong/WALL_E/src/install/wall_e_bringup/lib/wall_e_bringup/udp_godot_bridge.py
-- Up-to-date symlink: /home/wukong/WALL_E/src/install/wall_e_bringup/lib/wall_e_bringup/yolo_nav_node.py
-- Up-to-date symlink: /home/wukong/WALL_E/src/install/wall_e_bringup/lib/wall_e_bringup/webrtc_video_bridge.py
-- Up-to-date symlink: /home/wukong/WALL_E/src/install/wall_e_bringup/lib/wall_e_bringup/odom_to_tf.py
-- Up-to-date symlink: /home/wukong/WALL_E/src/install/wall_e_bringup/share/wall_e_bringup/launch/wall_e.launch.py
-- Up-to-date symlink: /home/wukong/WALL_E/src/install/wall_e_bringup/share/wall_e_bringup/launch/wall_e_gazebo.launch.py
-- Up-to-date symlink: /home/wukong/WALL_E/src/install/wall_e_bringup/share/wall_e_bringup/launch/wall_e_isaac.launch.py
-- Up-to-date symlink: /home/wukong/WALL_E/src/install/wall_e_bringup/share/wall_e_bringup/urdf/wall_e.urdf.xacro
-- Up-to-date symlink: /home/wukong/WALL_E/src/install/wall_e_bringup/share/wall_e_bringup/config/nav2_params.yaml
-- Up-to-date symlink: /home/wukong/WALL_E/src/install/wall_e_bringup/share/wall_e_bringup/config/rtabmap.yaml
-- Up-to-date symlink: /home/wukong/WALL_E/src/install/wall_e_bringup/share/wall_e_bringup/worlds/test_room.sdf
-- Up-to-date symlink: /home/wukong/WALL_E/src/install/wall_e_bringup/share/ament_index/resource_index/package_run_dependencies/wall_e_bringup
-- Up-to-date symlink: /home/wukong/WALL_E/src/install/wall_e_bringup/share/ament_index/resource_index/parent_prefix_path/wall_e_bringup
-- Up-to-date symlink: /home/wukong/WALL_E/src/install/wall_e_bringup/share/wall_e_bringup/environment/ament_prefix_path.sh
-- Up-to-date symlink: /home/wukong/WALL_E/src/install/wall_e_bringup/share/wall_e_bringup/environment/ament_prefix_path.dsv
-- Up-to-date symlink: /home/wukong/WALL_E/src/install/wall_e_bringup/share/wall_e_bringup/environment/path.sh
-- Up-to-date symlink: /home/wukong/WALL_E/src/install/wall_e_bringup/share/wall_e_bringup/environment/path.dsv
-- Up-to-date symlink: /home/wukong/WALL_E/src/install/wall_e_bringup/share/wall_e_bringup/local_setup.bash
-- Up-to-date symlink: /home/wukong/WALL_E/src/install/wall_e_bringup/share/wall_e_bringup/local_setup.sh
-- Up-to-date symlink: /home/wukong/WALL_E/src/install/wall_e_bringup/share/wall_e_bringup/local_setup.zsh
-- Up-to-date symlink: /home/wukong/WALL_E/src/install/wall_e_bringup/share/wall_e_bringup/local_setup.dsv
-- Symlinking: /home/wukong/WALL_E/src/install/wall_e_bringup/share/wall_e_bringup/package.dsv
-- Up-to-date symlink: /home/wukong/WALL_E/src/install/wall_e_bringup/share/ament_index/resource_index/packages/wall_e_bringup
-- Up-to-date symlink: /home/wukong/WALL_E/src/install/wall_e_bringup/share/wall_e_bringup/cmake/wall_e_bringupConfig.cmake
-- Up-to-date symlink: /home/wukong/WALL_E/src/install/wall_e_bringup/share/wall_e_bringup/cmake/wall_e_bringupConfig-version.cmake
-- Up-to-date symlink: /home/wukong/WALL_E/src/install/wall_e_bringup/share/wall_e_bringup/package.xml
