[0.011s] Invoking command in '/home/wukong/WALL_E/src/build/wall_e_bringup': CMAKE_PREFIX_PATH=${CMAKE_PREFIX_PATH}:/opt/ros/jazzy CONDA_PROMPT_MODIFIER=(base) DEBUGINFOD_URLS=https://debuginfod.ubuntu.com /usr/bin/cmake /home/wukong/WALL_E/src/wall_e_bringup -DAMENT_CMAKE_SYMLINK_INSTALL=1 -DCMAKE_INSTALL_PREFIX=/home/wukong/WALL_E/src/install/wall_e_bringup
[0.047s] -- Found ament_cmake: 2.5.6 (/opt/ros/jazzy/share/ament_cmake/cmake)
[0.253s] -- Override CMake install command with custom implementation using symlinks instead of copying resources
[0.273s] -- Found rclcpp: 28.1.21 (/opt/ros/jazzy/share/rclcpp/cmake)
[0.317s] -- Found rosidl_generator_c: 4.6.9 (/opt/ros/jazzy/share/rosidl_generator_c/cmake)
[0.326s] -- Found rosidl_generator_cpp: 4.6.9 (/opt/ros/jazzy/share/rosidl_generator_cpp/cmake)
[0.339s] -- Using all available rosidl_typesupport_c: rosidl_typesupport_fastrtps_c;rosidl_typesupport_introspection_c
[0.353s] -- Using all available rosidl_typesupport_cpp: rosidl_typesupport_fastrtps_cpp;rosidl_typesupport_introspection_cpp
[0.417s] -- Found rmw_implementation_cmake: 7.3.3 (/opt/ros/jazzy/share/rmw_implementation_cmake/cmake)
[0.419s] -- Found rmw_fastrtps_cpp: 8.4.4 (/opt/ros/jazzy/share/rmw_fastrtps_cpp/cmake)
[0.487s] -- Using RMW implementation 'rmw_fastrtps_cpp' as default
[0.565s] -- Found geometry_msgs: 5.3.8 (/opt/ros/jazzy/share/geometry_msgs/cmake)
[0.598s] -- Found sensor_msgs: 5.3.8 (/opt/ros/jazzy/share/sensor_msgs/cmake)
[0.621s] -- Found nav_msgs: 5.3.8 (/opt/ros/jazzy/share/nav_msgs/cmake)
[0.646s] -- Found tf2: 0.36.21 (/opt/ros/jazzy/share/tf2/cmake)
[0.650s] -- Found tf2_ros: 0.36.21 (/opt/ros/jazzy/share/tf2_ros/cmake)
[0.768s] -- Found ament_lint_auto: 0.17.5 (/opt/ros/jazzy/share/ament_lint_auto/cmake)
[0.880s] -- Added test 'cppcheck' to perform static code analysis on C / C++ code
[0.880s] -- Configured cppcheck include dirs: 
[0.880s] -- Configured cppcheck exclude dirs and/or files: 
[0.881s] -- Added test 'flake8' to check Python code syntax and style conventions
[0.881s] -- Configured 'flake8' exclude dirs and/or files: 
[0.881s] -- Added test 'lint_cmake' to check CMake code style
[0.882s] -- Added test 'pep257' to check Python code against some of the docstring style conventions in PEP 257
[0.883s] -- Added test 'uncrustify' to check C / C++ code style
[0.883s] -- Configured uncrustify additional arguments: 
[0.883s] -- Added test 'xmllint' to check XML markup files
[0.885s] -- Configuring done (0.9s)
[0.916s] -- Generating done (0.0s)
[0.925s] -- Build files have been written to: /home/wukong/WALL_E/src/build/wall_e_bringup
[0.935s] Invoked command in '/home/wukong/WALL_E/src/build/wall_e_bringup' returned '0': CMAKE_PREFIX_PATH=${CMAKE_PREFIX_PATH}:/opt/ros/jazzy CONDA_PROMPT_MODIFIER=(base) DEBUGINFOD_URLS=https://debuginfod.ubuntu.com /usr/bin/cmake /home/wukong/WALL_E/src/wall_e_bringup -DAMENT_CMAKE_SYMLINK_INSTALL=1 -DCMAKE_INSTALL_PREFIX=/home/wukong/WALL_E/src/install/wall_e_bringup
[0.936s] Invoking command in '/home/wukong/WALL_E/src/build/wall_e_bringup': CMAKE_PREFIX_PATH=${CMAKE_PREFIX_PATH}:/opt/ros/jazzy CONDA_PROMPT_MODIFIER=(base) DEBUGINFOD_URLS=https://debuginfod.ubuntu.com /usr/bin/cmake --build /home/wukong/WALL_E/src/build/wall_e_bringup -- -j16 -l16
[1.017s] [ 25%] [32mBuilding CXX object CMakeFiles/state_machine.dir/src/state_machine.cpp.o[0m
[1.017s] [ 25%] [32mBuilding CXX object CMakeFiles/controller_node.dir/src/controller_node.cpp.o[0m
[1.017s] [ 37%] [32mBuilding CXX object CMakeFiles/uno_bridge.dir/src/uno_bridge.cpp.o[0m
[1.019s] [ 50%] [32mBuilding CXX object CMakeFiles/mega_node.dir/src/mega_node.cpp.o[0m
[4.690s] [ 62%] [32m[1mLinking CXX executable uno_bridge[0m
[4.875s] [ 62%] Built target uno_bridge
[9.018s] [ 75%] [32m[1mLinking CXX executable mega_node[0m
[9.436s] [ 75%] Built target mega_node
[10.439s] [ 87%] [32m[1mLinking CXX executable controller_node[0m
[10.811s] [ 87%] Built target controller_node
[13.536s] [100%] [32m[1mLinking CXX executable state_machine[0m
[14.058s] [100%] Built target state_machine
[14.069s] Invoked command in '/home/wukong/WALL_E/src/build/wall_e_bringup' returned '0': CMAKE_PREFIX_PATH=${CMAKE_PREFIX_PATH}:/opt/ros/jazzy CONDA_PROMPT_MODIFIER=(base) DEBUGINFOD_URLS=https://debuginfod.ubuntu.com /usr/bin/cmake --build /home/wukong/WALL_E/src/build/wall_e_bringup -- -j16 -l16
[14.080s] Invoking command in '/home/wukong/WALL_E/src/build/wall_e_bringup': CMAKE_PREFIX_PATH=${CMAKE_PREFIX_PATH}:/opt/ros/jazzy CONDA_PROMPT_MODIFIER=(base) DEBUGINFOD_URLS=https://debuginfod.ubuntu.com /usr/bin/cmake --install /home/wukong/WALL_E/src/build/wall_e_bringup
[14.089s] -- Install configuration: ""
[14.090s] -- Execute custom install script
[14.090s] -- Up-to-date symlink: /home/wukong/WALL_E/src/install/wall_e_bringup/lib/wall_e_bringup/mega_node
[14.090s] -- Up-to-date symlink: /home/wukong/WALL_E/src/install/wall_e_bringup/lib/wall_e_bringup/uno_bridge
[14.090s] -- Up-to-date symlink: /home/wukong/WALL_E/src/install/wall_e_bringup/lib/wall_e_bringup/state_machine
[14.090s] -- Up-to-date symlink: /home/wukong/WALL_E/src/install/wall_e_bringup/lib/wall_e_bringup/controller_node
[14.090s] -- Up-to-date symlink: /home/wukong/WALL_E/src/install/wall_e_bringup/lib/wall_e_bringup/llama_interpreter_node.py
[14.091s] -- Up-to-date symlink: /home/wukong/WALL_E/src/install/wall_e_bringup/lib/wall_e_bringup/llama_nav_node.py
[14.091s] -- Up-to-date symlink: /home/wukong/WALL_E/src/install/wall_e_bringup/lib/wall_e_bringup/fake_odom.py
[14.091s] -- Up-to-date symlink: /home/wukong/WALL_E/src/install/wall_e_bringup/lib/wall_e_bringup/udp_godot_bridge.py
[14.091s] -- Up-to-date symlink: /home/wukong/WALL_E/src/install/wall_e_bringup/lib/wall_e_bringup/yolo_nav_node.py
[14.091s] -- Up-to-date symlink: /home/wukong/WALL_E/src/install/wall_e_bringup/lib/wall_e_bringup/webrtc_video_bridge.py
[14.091s] -- Up-to-date symlink: /home/wukong/WALL_E/src/install/wall_e_bringup/lib/wall_e_bringup/odom_to_tf.py
[14.092s] -- Up-to-date symlink: /home/wukong/WALL_E/src/install/wall_e_bringup/share/wall_e_bringup/launch/wall_e.launch.py
[14.092s] -- Up-to-date symlink: /home/wukong/WALL_E/src/install/wall_e_bringup/share/wall_e_bringup/launch/wall_e_gazebo.launch.py
[14.092s] -- Up-to-date symlink: /home/wukong/WALL_E/src/install/wall_e_bringup/share/wall_e_bringup/launch/wall_e_isaac.launch.py
[14.092s] -- Up-to-date symlink: /home/wukong/WALL_E/src/install/wall_e_bringup/share/wall_e_bringup/urdf/wall_e.urdf.xacro
[14.092s] -- Up-to-date symlink: /home/wukong/WALL_E/src/install/wall_e_bringup/share/wall_e_bringup/config/nav2_params.yaml
[14.093s] -- Up-to-date symlink: /home/wukong/WALL_E/src/install/wall_e_bringup/share/wall_e_bringup/config/rtabmap.yaml
[14.093s] -- Up-to-date symlink: /home/wukong/WALL_E/src/install/wall_e_bringup/share/wall_e_bringup/worlds/test_room.sdf
[14.093s] -- Up-to-date symlink: /home/wukong/WALL_E/src/install/wall_e_bringup/share/ament_index/resource_index/package_run_dependencies/wall_e_bringup
[14.093s] -- Up-to-date symlink: /home/wukong/WALL_E/src/install/wall_e_bringup/share/ament_index/resource_index/parent_prefix_path/wall_e_bringup
[14.093s] -- Up-to-date symlink: /home/wukong/WALL_E/src/install/wall_e_bringup/share/wall_e_bringup/environment/ament_prefix_path.sh
[14.094s] -- Up-to-date symlink: /home/wukong/WALL_E/src/install/wall_e_bringup/share/wall_e_bringup/environment/ament_prefix_path.dsv
[14.094s] -- Up-to-date symlink: /home/wukong/WALL_E/src/install/wall_e_bringup/share/wall_e_bringup/environment/path.sh
[14.094s] -- Up-to-date symlink: /home/wukong/WALL_E/src/install/wall_e_bringup/share/wall_e_bringup/environment/path.dsv
[14.094s] -- Up-to-date symlink: /home/wukong/WALL_E/src/install/wall_e_bringup/share/wall_e_bringup/local_setup.bash
[14.094s] -- Up-to-date symlink: /home/wukong/WALL_E/src/install/wall_e_bringup/share/wall_e_bringup/local_setup.sh
[14.095s] -- Up-to-date symlink: /home/wukong/WALL_E/src/install/wall_e_bringup/share/wall_e_bringup/local_setup.zsh
[14.095s] -- Up-to-date symlink: /home/wukong/WALL_E/src/install/wall_e_bringup/share/wall_e_bringup/local_setup.dsv
[14.095s] -- Symlinking: /home/wukong/WALL_E/src/install/wall_e_bringup/share/wall_e_bringup/package.dsv
[14.105s] -- Up-to-date symlink: /home/wukong/WALL_E/src/install/wall_e_bringup/share/ament_index/resource_index/packages/wall_e_bringup
[14.105s] -- Up-to-date symlink: /home/wukong/WALL_E/src/install/wall_e_bringup/share/wall_e_bringup/cmake/wall_e_bringupConfig.cmake
[14.105s] -- Up-to-date symlink: /home/wukong/WALL_E/src/install/wall_e_bringup/share/wall_e_bringup/cmake/wall_e_bringupConfig-version.cmake
[14.105s] -- Up-to-date symlink: /home/wukong/WALL_E/src/install/wall_e_bringup/share/wall_e_bringup/package.xml
[14.107s] Invoked command in '/home/wukong/WALL_E/src/build/wall_e_bringup' returned '0': CMAKE_PREFIX_PATH=${CMAKE_PREFIX_PATH}:/opt/ros/jazzy CONDA_PROMPT_MODIFIER=(base) DEBUGINFOD_URLS=https://debuginfod.ubuntu.com /usr/bin/cmake --install /home/wukong/WALL_E/src/build/wall_e_bringup
