[0.008s] Invoking command in '/home/wukong/WALL_E/src/build/wall_e_bringup': CMAKE_PREFIX_PATH=${CMAKE_PREFIX_PATH}:/opt/ros/jazzy CONDA_PROMPT_MODIFIER=(base) DEBUGINFOD_URLS=https://debuginfod.ubuntu.com /usr/bin/cmake /home/wukong/WALL_E/src/wall_e_bringup -DCMAKE_INSTALL_PREFIX=/home/wukong/WALL_E/src/install/wall_e_bringup
[0.019s] -- Found ament_cmake: 2.5.6 (/opt/ros/jazzy/share/ament_cmake/cmake)
[0.149s] -- Override CMake install command with custom implementation using symlinks instead of copying resources
[0.153s] -- Found rclcpp: 28.1.18 (/opt/ros/jazzy/share/rclcpp/cmake)
[0.173s] -- Found rosidl_generator_c: 4.6.7 (/opt/ros/jazzy/share/rosidl_generator_c/cmake)
[0.179s] -- Found rosidl_generator_cpp: 4.6.7 (/opt/ros/jazzy/share/rosidl_generator_cpp/cmake)
[0.186s] -- Using all available rosidl_typesupport_c: rosidl_typesupport_fastrtps_c;rosidl_typesupport_introspection_c
[0.194s] -- Using all available rosidl_typesupport_cpp: rosidl_typesupport_fastrtps_cpp;rosidl_typesupport_introspection_cpp
[0.233s] -- Found rmw_implementation_cmake: 7.3.3 (/opt/ros/jazzy/share/rmw_implementation_cmake/cmake)
[0.234s] -- Found rmw_fastrtps_cpp: 8.4.3 (/opt/ros/jazzy/share/rmw_fastrtps_cpp/cmake)
[0.288s] -- Using RMW implementation 'rmw_fastrtps_cpp' as default
[0.330s] -- Found geometry_msgs: 5.3.7 (/opt/ros/jazzy/share/geometry_msgs/cmake)
[0.350s] -- Found sensor_msgs: 5.3.7 (/opt/ros/jazzy/share/sensor_msgs/cmake)
[0.366s] -- Found nav_msgs: 5.3.7 (/opt/ros/jazzy/share/nav_msgs/cmake)
[0.384s] -- Found tf2: 0.36.20 (/opt/ros/jazzy/share/tf2/cmake)
[0.387s] -- Found tf2_ros: 0.36.20 (/opt/ros/jazzy/share/tf2_ros/cmake)
[0.463s] -- Found ament_lint_auto: 0.17.5 (/opt/ros/jazzy/share/ament_lint_auto/cmake)
[0.559s] -- Added test 'cppcheck' to perform static code analysis on C / C++ code
[0.560s] -- Configured cppcheck include dirs: 
[0.560s] -- Configured cppcheck exclude dirs and/or files: 
[0.560s] -- Added test 'flake8' to check Python code syntax and style conventions
[0.560s] -- Configured 'flake8' exclude dirs and/or files: 
[0.561s] -- Added test 'lint_cmake' to check CMake code style
[0.561s] -- Added test 'pep257' to check Python code against some of the docstring style conventions in PEP 257
[0.563s] -- Added test 'uncrustify' to check C / C++ code style
[0.563s] -- Configured uncrustify additional arguments: 
[0.563s] -- Added test 'xmllint' to check XML markup files
[0.565s] -- Configuring done (0.5s)
[0.582s] -- Generating done (0.0s)
[0.588s] -- Build files have been written to: /home/wukong/WALL_E/src/build/wall_e_bringup
[0.596s] Invoked command in '/home/wukong/WALL_E/src/build/wall_e_bringup' returned '0': CMAKE_PREFIX_PATH=${CMAKE_PREFIX_PATH}:/opt/ros/jazzy CONDA_PROMPT_MODIFIER=(base) DEBUGINFOD_URLS=https://debuginfod.ubuntu.com /usr/bin/cmake /home/wukong/WALL_E/src/wall_e_bringup -DCMAKE_INSTALL_PREFIX=/home/wukong/WALL_E/src/install/wall_e_bringup
[0.597s] Invoking command in '/home/wukong/WALL_E/src/build/wall_e_bringup': CMAKE_PREFIX_PATH=${CMAKE_PREFIX_PATH}:/opt/ros/jazzy CONDA_PROMPT_MODIFIER=(base) DEBUGINFOD_URLS=https://debuginfod.ubuntu.com /usr/bin/cmake --build /home/wukong/WALL_E/src/build/wall_e_bringup -- -j16 -l16
[0.657s] [ 50%] Building CXX object CMakeFiles/mega_node.dir/src/mega_node.cpp.o
[0.657s] [ 75%] Built target uno_bridge
[0.657s] [ 50%] Building CXX object CMakeFiles/state_machine.dir/src/state_machine.cpp.o
[0.658s] [ 75%] Built target controller_node
[7.091s] [ 87%] Linking CXX executable mega_node
[7.426s] [ 87%] Built target mega_node
[11.286s] [100%] Linking CXX executable state_machine
[11.734s] [100%] Built target state_machine
[11.745s] Invoked command in '/home/wukong/WALL_E/src/build/wall_e_bringup' returned '0': CMAKE_PREFIX_PATH=${CMAKE_PREFIX_PATH}:/opt/ros/jazzy CONDA_PROMPT_MODIFIER=(base) DEBUGINFOD_URLS=https://debuginfod.ubuntu.com /usr/bin/cmake --build /home/wukong/WALL_E/src/build/wall_e_bringup -- -j16 -l16
[11.754s] Invoking command in '/home/wukong/WALL_E/src/build/wall_e_bringup': CMAKE_PREFIX_PATH=${CMAKE_PREFIX_PATH}:/opt/ros/jazzy CONDA_PROMPT_MODIFIER=(base) DEBUGINFOD_URLS=https://debuginfod.ubuntu.com /usr/bin/cmake --install /home/wukong/WALL_E/src/build/wall_e_bringup
[11.762s] -- Install configuration: ""
[11.762s] -- Execute custom install script
[11.763s] -- Up-to-date symlink: /home/wukong/WALL_E/src/install/wall_e_bringup/lib/wall_e_bringup/mega_node
[11.763s] -- Up-to-date symlink: /home/wukong/WALL_E/src/install/wall_e_bringup/lib/wall_e_bringup/uno_bridge
[11.763s] -- Up-to-date symlink: /home/wukong/WALL_E/src/install/wall_e_bringup/lib/wall_e_bringup/state_machine
[11.763s] -- Up-to-date symlink: /home/wukong/WALL_E/src/install/wall_e_bringup/lib/wall_e_bringup/controller_node
[11.763s] -- Up-to-date symlink: /home/wukong/WALL_E/src/install/wall_e_bringup/lib/wall_e_bringup/llama_interpreter_node.py
[11.763s] -- Up-to-date symlink: /home/wukong/WALL_E/src/install/wall_e_bringup/lib/wall_e_bringup/llama_nav_node.py
[11.763s] -- Up-to-date symlink: /home/wukong/WALL_E/src/install/wall_e_bringup/lib/wall_e_bringup/fake_odom.py
[11.763s] -- Up-to-date symlink: /home/wukong/WALL_E/src/install/wall_e_bringup/lib/wall_e_bringup/udp_godot_bridge.py
[11.764s] -- Up-to-date symlink: /home/wukong/WALL_E/src/install/wall_e_bringup/lib/wall_e_bringup/yolo_nav_node.py
[11.764s] -- Up-to-date symlink: /home/wukong/WALL_E/src/install/wall_e_bringup/lib/wall_e_bringup/webrtc_video_bridge.py
[11.764s] -- Symlinking: /home/wukong/WALL_E/src/install/wall_e_bringup/lib/wall_e_bringup/odom_to_tf.py
[11.772s] -- Up-to-date symlink: /home/wukong/WALL_E/src/install/wall_e_bringup/share/wall_e_bringup/launch/wall_e.launch.py
[11.772s] -- Symlinking: /home/wukong/WALL_E/src/install/wall_e_bringup/share/wall_e_bringup/launch/wall_e_gazebo.launch.py
[11.781s] -- Up-to-date symlink: /home/wukong/WALL_E/src/install/wall_e_bringup/share/wall_e_bringup/urdf/wall_e.urdf.xacro
[11.782s] -- Up-to-date symlink: /home/wukong/WALL_E/src/install/wall_e_bringup/share/wall_e_bringup/config/nav2_params.yaml
[11.782s] -- Up-to-date symlink: /home/wukong/WALL_E/src/install/wall_e_bringup/share/wall_e_bringup/config/rtabmap.yaml
[11.782s] -- Symlinking: /home/wukong/WALL_E/src/install/wall_e_bringup/share/wall_e_bringup/worlds/test_room.sdf
[11.791s] -- Up-to-date symlink: /home/wukong/WALL_E/src/install/wall_e_bringup/share/ament_index/resource_index/package_run_dependencies/wall_e_bringup
[11.791s] -- Up-to-date symlink: /home/wukong/WALL_E/src/install/wall_e_bringup/share/ament_index/resource_index/parent_prefix_path/wall_e_bringup
[11.791s] -- Up-to-date symlink: /home/wukong/WALL_E/src/install/wall_e_bringup/share/wall_e_bringup/environment/ament_prefix_path.sh
[11.791s] -- Up-to-date symlink: /home/wukong/WALL_E/src/install/wall_e_bringup/share/wall_e_bringup/environment/ament_prefix_path.dsv
[11.791s] -- Up-to-date symlink: /home/wukong/WALL_E/src/install/wall_e_bringup/share/wall_e_bringup/environment/path.sh
[11.791s] -- Up-to-date symlink: /home/wukong/WALL_E/src/install/wall_e_bringup/share/wall_e_bringup/environment/path.dsv
[11.792s] -- Up-to-date symlink: /home/wukong/WALL_E/src/install/wall_e_bringup/share/wall_e_bringup/local_setup.bash
[11.792s] -- Up-to-date symlink: /home/wukong/WALL_E/src/install/wall_e_bringup/share/wall_e_bringup/local_setup.sh
[11.792s] -- Up-to-date symlink: /home/wukong/WALL_E/src/install/wall_e_bringup/share/wall_e_bringup/local_setup.zsh
[11.792s] -- Up-to-date symlink: /home/wukong/WALL_E/src/install/wall_e_bringup/share/wall_e_bringup/local_setup.dsv
[11.792s] -- Symlinking: /home/wukong/WALL_E/src/install/wall_e_bringup/share/wall_e_bringup/package.dsv
[11.800s] -- Up-to-date symlink: /home/wukong/WALL_E/src/install/wall_e_bringup/share/ament_index/resource_index/packages/wall_e_bringup
[11.800s] -- Up-to-date symlink: /home/wukong/WALL_E/src/install/wall_e_bringup/share/wall_e_bringup/cmake/wall_e_bringupConfig.cmake
[11.800s] -- Up-to-date symlink: /home/wukong/WALL_E/src/install/wall_e_bringup/share/wall_e_bringup/cmake/wall_e_bringupConfig-version.cmake
[11.801s] -- Up-to-date symlink: /home/wukong/WALL_E/src/install/wall_e_bringup/share/wall_e_bringup/package.xml
[11.802s] Invoked command in '/home/wukong/WALL_E/src/build/wall_e_bringup' returned '0': CMAKE_PREFIX_PATH=${CMAKE_PREFIX_PATH}:/opt/ros/jazzy CONDA_PROMPT_MODIFIER=(base) DEBUGINFOD_URLS=https://debuginfod.ubuntu.com /usr/bin/cmake --install /home/wukong/WALL_E/src/build/wall_e_bringup
