[0.009s] Invoking command in '/home/wukong/WALL_E/src/build/wall_e_bringup': CMAKE_PREFIX_PATH=${CMAKE_PREFIX_PATH}:/opt/ros/jazzy CONDA_PROMPT_MODIFIER=(base) DEBUGINFOD_URLS=https://debuginfod.ubuntu.com /usr/bin/cmake --build /home/wukong/WALL_E/src/build/wall_e_bringup -- -j16 -l16
[0.119s] [ 75%] Building CXX object CMakeFiles/mega_node.dir/src/mega_node.cpp.o
[0.119s] [ 75%] Built target uno_bridge
[0.119s] [ 75%] Built target controller_node
[0.119s] [ 75%] Building CXX object CMakeFiles/state_machine.dir/src/state_machine.cpp.o
[6.699s] [ 87%] Linking CXX executable mega_node
[7.082s] [ 87%] Built target mega_node
[10.350s] [100%] Linking CXX executable state_machine
[10.772s] [100%] Built target state_machine
[10.781s] Invoked command in '/home/wukong/WALL_E/src/build/wall_e_bringup' returned '0': CMAKE_PREFIX_PATH=${CMAKE_PREFIX_PATH}:/opt/ros/jazzy CONDA_PROMPT_MODIFIER=(base) DEBUGINFOD_URLS=https://debuginfod.ubuntu.com /usr/bin/cmake --build /home/wukong/WALL_E/src/build/wall_e_bringup -- -j16 -l16
[10.793s] Invoking command in '/home/wukong/WALL_E/src/build/wall_e_bringup': CMAKE_PREFIX_PATH=${CMAKE_PREFIX_PATH}:/opt/ros/jazzy CONDA_PROMPT_MODIFIER=(base) DEBUGINFOD_URLS=https://debuginfod.ubuntu.com /usr/bin/cmake --install /home/wukong/WALL_E/src/build/wall_e_bringup
[10.801s] -- Install configuration: ""
[10.802s] -- Execute custom install script
[10.803s] -- Up-to-date symlink: /home/wukong/WALL_E/src/install/wall_e_bringup/lib/wall_e_bringup/mega_node
[10.803s] -- Up-to-date symlink: /home/wukong/WALL_E/src/install/wall_e_bringup/lib/wall_e_bringup/uno_bridge
[10.803s] -- Up-to-date symlink: /home/wukong/WALL_E/src/install/wall_e_bringup/lib/wall_e_bringup/state_machine
[10.803s] -- Up-to-date symlink: /home/wukong/WALL_E/src/install/wall_e_bringup/lib/wall_e_bringup/controller_node
[10.803s] -- Up-to-date symlink: /home/wukong/WALL_E/src/install/wall_e_bringup/lib/wall_e_bringup/llama_interpreter_node.py
[10.804s] -- Up-to-date symlink: /home/wukong/WALL_E/src/install/wall_e_bringup/lib/wall_e_bringup/llama_nav_node.py
[10.804s] -- Up-to-date symlink: /home/wukong/WALL_E/src/install/wall_e_bringup/lib/wall_e_bringup/fake_odom.py
[10.804s] -- Up-to-date symlink: /home/wukong/WALL_E/src/install/wall_e_bringup/lib/wall_e_bringup/udp_godot_bridge.py
[10.804s] -- Up-to-date symlink: /home/wukong/WALL_E/src/install/wall_e_bringup/lib/wall_e_bringup/yolo_nav_node.py
[10.804s] -- Up-to-date symlink: /home/wukong/WALL_E/src/install/wall_e_bringup/lib/wall_e_bringup/webrtc_video_bridge.py
[10.804s] -- Up-to-date symlink: /home/wukong/WALL_E/src/install/wall_e_bringup/lib/wall_e_bringup/odom_to_tf.py
[10.806s] -- Up-to-date symlink: /home/wukong/WALL_E/src/install/wall_e_bringup/share/wall_e_bringup/launch/wall_e.launch.py
[10.806s] -- Up-to-date symlink: /home/wukong/WALL_E/src/install/wall_e_bringup/share/wall_e_bringup/launch/wall_e_gazebo.launch.py
[10.806s] -- Up-to-date symlink: /home/wukong/WALL_E/src/install/wall_e_bringup/share/wall_e_bringup/urdf/wall_e.urdf.xacro
[10.806s] -- Up-to-date symlink: /home/wukong/WALL_E/src/install/wall_e_bringup/share/wall_e_bringup/config/nav2_params.yaml
[10.806s] -- Up-to-date symlink: /home/wukong/WALL_E/src/install/wall_e_bringup/share/wall_e_bringup/config/rtabmap.yaml
[10.807s] -- Up-to-date symlink: /home/wukong/WALL_E/src/install/wall_e_bringup/share/wall_e_bringup/worlds/test_room.sdf
[10.807s] -- Up-to-date symlink: /home/wukong/WALL_E/src/install/wall_e_bringup/share/ament_index/resource_index/package_run_dependencies/wall_e_bringup
[10.807s] -- Up-to-date symlink: /home/wukong/WALL_E/src/install/wall_e_bringup/share/ament_index/resource_index/parent_prefix_path/wall_e_bringup
[10.807s] -- Up-to-date symlink: /home/wukong/WALL_E/src/install/wall_e_bringup/share/wall_e_bringup/environment/ament_prefix_path.sh
[10.807s] -- Up-to-date symlink: /home/wukong/WALL_E/src/install/wall_e_bringup/share/wall_e_bringup/environment/ament_prefix_path.dsv
[10.808s] -- Up-to-date symlink: /home/wukong/WALL_E/src/install/wall_e_bringup/share/wall_e_bringup/environment/path.sh
[10.808s] -- Up-to-date symlink: /home/wukong/WALL_E/src/install/wall_e_bringup/share/wall_e_bringup/environment/path.dsv
[10.808s] -- Up-to-date symlink: /home/wukong/WALL_E/src/install/wall_e_bringup/share/wall_e_bringup/local_setup.bash
[10.808s] -- Up-to-date symlink: /home/wukong/WALL_E/src/install/wall_e_bringup/share/wall_e_bringup/local_setup.sh
[10.808s] -- Up-to-date symlink: /home/wukong/WALL_E/src/install/wall_e_bringup/share/wall_e_bringup/local_setup.zsh
[10.809s] -- Up-to-date symlink: /home/wukong/WALL_E/src/install/wall_e_bringup/share/wall_e_bringup/local_setup.dsv
[10.809s] -- Symlinking: /home/wukong/WALL_E/src/install/wall_e_bringup/share/wall_e_bringup/package.dsv
[10.817s] -- Up-to-date symlink: /home/wukong/WALL_E/src/install/wall_e_bringup/share/ament_index/resource_index/packages/wall_e_bringup
[10.817s] -- Up-to-date symlink: /home/wukong/WALL_E/src/install/wall_e_bringup/share/wall_e_bringup/cmake/wall_e_bringupConfig.cmake
[10.817s] -- Up-to-date symlink: /home/wukong/WALL_E/src/install/wall_e_bringup/share/wall_e_bringup/cmake/wall_e_bringupConfig-version.cmake
[10.817s] -- Up-to-date symlink: /home/wukong/WALL_E/src/install/wall_e_bringup/share/wall_e_bringup/package.xml
[10.819s] Invoked command in '/home/wukong/WALL_E/src/build/wall_e_bringup' returned '0': CMAKE_PREFIX_PATH=${CMAKE_PREFIX_PATH}:/opt/ros/jazzy CONDA_PROMPT_MODIFIER=(base) DEBUGINFOD_URLS=https://debuginfod.ubuntu.com /usr/bin/cmake --install /home/wukong/WALL_E/src/build/wall_e_bringup
