[0.019s] Invoking command in '/home/wukong/WALL_E/build/wall_e_bringup': CMAKE_PREFIX_PATH=${CMAKE_PREFIX_PATH}:/opt/ros/jazzy CONDA_PROMPT_MODIFIER=(base) DEBUGINFOD_URLS=https://debuginfod.ubuntu.com /usr/bin/cmake /home/wukong/WALL_E/src/wall_e_bringup -DAMENT_CMAKE_SYMLINK_INSTALL=1 -DCMAKE_INSTALL_PREFIX=/home/wukong/WALL_E/install/wall_e_bringup
[0.037s] -- Found ament_cmake: 2.5.6 (/opt/ros/jazzy/share/ament_cmake/cmake)
[0.322s] -- Override CMake install command with custom implementation using symlinks instead of copying resources
[0.333s] -- Found rclcpp: 28.1.18 (/opt/ros/jazzy/share/rclcpp/cmake)
[0.371s] -- Found rosidl_generator_c: 4.6.7 (/opt/ros/jazzy/share/rosidl_generator_c/cmake)
[0.382s] -- Found rosidl_generator_cpp: 4.6.7 (/opt/ros/jazzy/share/rosidl_generator_cpp/cmake)
[0.397s] -- Using all available rosidl_typesupport_c: rosidl_typesupport_fastrtps_c;rosidl_typesupport_introspection_c
[0.414s] -- Using all available rosidl_typesupport_cpp: rosidl_typesupport_fastrtps_cpp;rosidl_typesupport_introspection_cpp
[0.494s] -- Found rmw_implementation_cmake: 7.3.3 (/opt/ros/jazzy/share/rmw_implementation_cmake/cmake)
[0.495s] -- Found rmw_fastrtps_cpp: 8.4.3 (/opt/ros/jazzy/share/rmw_fastrtps_cpp/cmake)
[0.588s] -- Using RMW implementation 'rmw_fastrtps_cpp' as default
[0.673s] -- Found geometry_msgs: 5.3.7 (/opt/ros/jazzy/share/geometry_msgs/cmake)
[0.713s] -- Found sensor_msgs: 5.3.7 (/opt/ros/jazzy/share/sensor_msgs/cmake)
[0.745s] -- Found nav_msgs: 5.3.7 (/opt/ros/jazzy/share/nav_msgs/cmake)
[0.775s] -- Found tf2: 0.36.20 (/opt/ros/jazzy/share/tf2/cmake)
[0.779s] -- Found tf2_ros: 0.36.20 (/opt/ros/jazzy/share/tf2_ros/cmake)
[0.865s] -- Found ament_lint_auto: 0.17.5 (/opt/ros/jazzy/share/ament_lint_auto/cmake)
[0.954s] -- Added test 'cppcheck' to perform static code analysis on C / C++ code
[0.954s] -- Configured cppcheck include dirs: 
[0.954s] -- Configured cppcheck exclude dirs and/or files: 
[0.955s] -- Added test 'flake8' to check Python code syntax and style conventions
[0.955s] -- Configured 'flake8' exclude dirs and/or files: 
[0.955s] -- Added test 'lint_cmake' to check CMake code style
[0.956s] -- Added test 'pep257' to check Python code against some of the docstring style conventions in PEP 257
[0.957s] -- Added test 'uncrustify' to check C / C++ code style
[0.957s] -- Configured uncrustify additional arguments: 
[0.958s] -- Added test 'xmllint' to check XML markup files
[0.959s] -- Configuring done (0.9s)
[0.976s] -- Generating done (0.0s)
[0.982s] -- Build files have been written to: /home/wukong/WALL_E/build/wall_e_bringup
[0.992s] Invoked command in '/home/wukong/WALL_E/build/wall_e_bringup' returned '0': CMAKE_PREFIX_PATH=${CMAKE_PREFIX_PATH}:/opt/ros/jazzy CONDA_PROMPT_MODIFIER=(base) DEBUGINFOD_URLS=https://debuginfod.ubuntu.com /usr/bin/cmake /home/wukong/WALL_E/src/wall_e_bringup -DAMENT_CMAKE_SYMLINK_INSTALL=1 -DCMAKE_INSTALL_PREFIX=/home/wukong/WALL_E/install/wall_e_bringup
[0.994s] Invoking command in '/home/wukong/WALL_E/build/wall_e_bringup': CMAKE_PREFIX_PATH=${CMAKE_PREFIX_PATH}:/opt/ros/jazzy CONDA_PROMPT_MODIFIER=(base) DEBUGINFOD_URLS=https://debuginfod.ubuntu.com /usr/bin/cmake --build /home/wukong/WALL_E/build/wall_e_bringup -- -j16 -l16
[1.047s] [ 50%] [32mBuilding CXX object CMakeFiles/controller_node.dir/src/controller_node.cpp.o[0m
[1.047s] [ 50%] [32mBuilding CXX object CMakeFiles/state_machine.dir/src/state_machine.cpp.o[0m
[1.047s] [ 50%] [32mBuilding CXX object CMakeFiles/mega_node.dir/src/mega_node.cpp.o[0m
[1.047s] [ 50%] [32mBuilding CXX object CMakeFiles/uno_bridge.dir/src/uno_bridge.cpp.o[0m
[4.296s] [ 62%] [32m[1mLinking CXX executable uno_bridge[0m
[4.431s] [ 62%] Built target uno_bridge
[7.428s] [ 75%] [32m[1mLinking CXX executable mega_node[0m
[7.696s] [ 75%] Built target mega_node
[8.346s] [ 87%] [32m[1mLinking CXX executable state_machine[0m
[8.638s] [ 87%] Built target state_machine
[8.646s] [100%] [32m[1mLinking CXX executable controller_node[0m
[8.892s] [100%] Built target controller_node
[8.902s] Invoked command in '/home/wukong/WALL_E/build/wall_e_bringup' returned '0': CMAKE_PREFIX_PATH=${CMAKE_PREFIX_PATH}:/opt/ros/jazzy CONDA_PROMPT_MODIFIER=(base) DEBUGINFOD_URLS=https://debuginfod.ubuntu.com /usr/bin/cmake --build /home/wukong/WALL_E/build/wall_e_bringup -- -j16 -l16
[8.911s] Invoking command in '/home/wukong/WALL_E/build/wall_e_bringup': CMAKE_PREFIX_PATH=${CMAKE_PREFIX_PATH}:/opt/ros/jazzy CONDA_PROMPT_MODIFIER=(base) DEBUGINFOD_URLS=https://debuginfod.ubuntu.com /usr/bin/cmake --install /home/wukong/WALL_E/build/wall_e_bringup
[8.916s] -- Install configuration: ""
[8.916s] -- Execute custom install script
[8.916s] -- Symlinking: /home/wukong/WALL_E/install/wall_e_bringup/lib/wall_e_bringup/mega_node
[8.923s] -- Symlinking: /home/wukong/WALL_E/install/wall_e_bringup/lib/wall_e_bringup/uno_bridge
[8.929s] -- Symlinking: /home/wukong/WALL_E/install/wall_e_bringup/lib/wall_e_bringup/state_machine
[8.935s] -- Symlinking: /home/wukong/WALL_E/install/wall_e_bringup/lib/wall_e_bringup/controller_node
[8.942s] -- Symlinking: /home/wukong/WALL_E/install/wall_e_bringup/lib/wall_e_bringup/llama_interpreter_node.py
[8.950s] -- Symlinking: /home/wukong/WALL_E/install/wall_e_bringup/lib/wall_e_bringup/llama_nav_node.py
[8.957s] -- Symlinking: /home/wukong/WALL_E/install/wall_e_bringup/lib/wall_e_bringup/fake_odom.py
[8.963s] -- Symlinking: /home/wukong/WALL_E/install/wall_e_bringup/lib/wall_e_bringup/udp_godot_bridge.py
[8.969s] -- Symlinking: /home/wukong/WALL_E/install/wall_e_bringup/lib/wall_e_bringup/yolo_nav_node.py
[8.975s] -- Symlinking: /home/wukong/WALL_E/install/wall_e_bringup/lib/wall_e_bringup/webrtc_video_bridge.py
[8.983s] -- Symlinking: /home/wukong/WALL_E/install/wall_e_bringup/share/wall_e_bringup/launch/wall_e.launch.py
[8.991s] -- Symlinking: /home/wukong/WALL_E/install/wall_e_bringup/share/wall_e_bringup/urdf/wall_e.urdf.xacro
[9.000s] -- Symlinking: /home/wukong/WALL_E/install/wall_e_bringup/share/wall_e_bringup/config/nav2_params.yaml
[9.007s] -- Symlinking: /home/wukong/WALL_E/install/wall_e_bringup/share/wall_e_bringup/config/rtabmap.yaml
[9.014s] -- Symlinking: /home/wukong/WALL_E/install/wall_e_bringup/share/ament_index/resource_index/package_run_dependencies/wall_e_bringup
[9.023s] -- Symlinking: /home/wukong/WALL_E/install/wall_e_bringup/share/ament_index/resource_index/parent_prefix_path/wall_e_bringup
[9.030s] -- Symlinking: /home/wukong/WALL_E/install/wall_e_bringup/share/wall_e_bringup/environment/ament_prefix_path.sh
[9.037s] -- Symlinking: /home/wukong/WALL_E/install/wall_e_bringup/share/wall_e_bringup/environment/ament_prefix_path.dsv
[9.044s] -- Symlinking: /home/wukong/WALL_E/install/wall_e_bringup/share/wall_e_bringup/environment/path.sh
[9.051s] -- Symlinking: /home/wukong/WALL_E/install/wall_e_bringup/share/wall_e_bringup/environment/path.dsv
[9.057s] -- Symlinking: /home/wukong/WALL_E/install/wall_e_bringup/share/wall_e_bringup/local_setup.bash
[9.063s] -- Symlinking: /home/wukong/WALL_E/install/wall_e_bringup/share/wall_e_bringup/local_setup.sh
[9.070s] -- Symlinking: /home/wukong/WALL_E/install/wall_e_bringup/share/wall_e_bringup/local_setup.zsh
[9.077s] -- Symlinking: /home/wukong/WALL_E/install/wall_e_bringup/share/wall_e_bringup/local_setup.dsv
[9.083s] -- Symlinking: /home/wukong/WALL_E/install/wall_e_bringup/share/wall_e_bringup/package.dsv
[9.091s] -- Symlinking: /home/wukong/WALL_E/install/wall_e_bringup/share/ament_index/resource_index/packages/wall_e_bringup
[9.098s] -- Symlinking: /home/wukong/WALL_E/install/wall_e_bringup/share/wall_e_bringup/cmake/wall_e_bringupConfig.cmake
[9.103s] -- Symlinking: /home/wukong/WALL_E/install/wall_e_bringup/share/wall_e_bringup/cmake/wall_e_bringupConfig-version.cmake
[9.109s] -- Symlinking: /home/wukong/WALL_E/install/wall_e_bringup/share/wall_e_bringup/package.xml
[9.118s] Invoked command in '/home/wukong/WALL_E/build/wall_e_bringup' returned '0': CMAKE_PREFIX_PATH=${CMAKE_PREFIX_PATH}:/opt/ros/jazzy CONDA_PROMPT_MODIFIER=(base) DEBUGINFOD_URLS=https://debuginfod.ubuntu.com /usr/bin/cmake --install /home/wukong/WALL_E/build/wall_e_bringup
