[0.015s] Invoking command in '/home/wukong/WALL_E/build/wall_e_bringup': CMAKE_PREFIX_PATH=${CMAKE_PREFIX_PATH}:/opt/ros/jazzy CONDA_PROMPT_MODIFIER=(base) DEBUGINFOD_URLS=https://debuginfod.ubuntu.com /usr/bin/cmake --build /home/wukong/WALL_E/build/wall_e_bringup -- -j16 -l16
[0.111s] [ 87%] Built target uno_bridge
[0.111s] [ 87%] [32mBuilding CXX object CMakeFiles/mega_node.dir/src/mega_node.cpp.o[0m
[0.111s] [ 87%] Built target state_machine
[0.111s] [ 87%] Built target controller_node
[6.484s] [100%] [32m[1mLinking CXX executable mega_node[0m
[6.720s] [100%] Built target mega_node
[6.730s] Invoked command in '/home/wukong/WALL_E/build/wall_e_bringup' returned '0': CMAKE_PREFIX_PATH=${CMAKE_PREFIX_PATH}:/opt/ros/jazzy CONDA_PROMPT_MODIFIER=(base) DEBUGINFOD_URLS=https://debuginfod.ubuntu.com /usr/bin/cmake --build /home/wukong/WALL_E/build/wall_e_bringup -- -j16 -l16
[6.738s] Invoking command in '/home/wukong/WALL_E/build/wall_e_bringup': CMAKE_PREFIX_PATH=${CMAKE_PREFIX_PATH}:/opt/ros/jazzy CONDA_PROMPT_MODIFIER=(base) DEBUGINFOD_URLS=https://debuginfod.ubuntu.com /usr/bin/cmake --install /home/wukong/WALL_E/build/wall_e_bringup
[6.743s] -- Install configuration: ""
[6.744s] -- Execute custom install script
[6.744s] -- Up-to-date symlink: /home/wukong/WALL_E/install/wall_e_bringup/lib/wall_e_bringup/mega_node
[6.744s] -- Up-to-date symlink: /home/wukong/WALL_E/install/wall_e_bringup/lib/wall_e_bringup/uno_bridge
[6.744s] -- Up-to-date symlink: /home/wukong/WALL_E/install/wall_e_bringup/lib/wall_e_bringup/state_machine
[6.744s] -- Up-to-date symlink: /home/wukong/WALL_E/install/wall_e_bringup/lib/wall_e_bringup/controller_node
[6.744s] -- Up-to-date symlink: /home/wukong/WALL_E/install/wall_e_bringup/lib/wall_e_bringup/llama_interpreter_node.py
[6.744s] -- Up-to-date symlink: /home/wukong/WALL_E/install/wall_e_bringup/lib/wall_e_bringup/llama_nav_node.py
[6.744s] -- Up-to-date symlink: /home/wukong/WALL_E/install/wall_e_bringup/lib/wall_e_bringup/fake_odom.py
[6.744s] -- Up-to-date symlink: /home/wukong/WALL_E/install/wall_e_bringup/lib/wall_e_bringup/udp_godot_bridge.py
[6.744s] -- Up-to-date symlink: /home/wukong/WALL_E/install/wall_e_bringup/lib/wall_e_bringup/yolo_nav_node.py
[6.744s] -- Up-to-date symlink: /home/wukong/WALL_E/install/wall_e_bringup/lib/wall_e_bringup/webrtc_video_bridge.py
[6.744s] -- Up-to-date symlink: /home/wukong/WALL_E/install/wall_e_bringup/share/wall_e_bringup/launch/wall_e.launch.py
[6.745s] -- Up-to-date symlink: /home/wukong/WALL_E/install/wall_e_bringup/share/wall_e_bringup/urdf/wall_e.urdf.xacro
[6.745s] -- Up-to-date symlink: /home/wukong/WALL_E/install/wall_e_bringup/share/wall_e_bringup/config/nav2_params.yaml
[6.745s] -- Up-to-date symlink: /home/wukong/WALL_E/install/wall_e_bringup/share/wall_e_bringup/config/rtabmap.yaml
[6.745s] -- Up-to-date symlink: /home/wukong/WALL_E/install/wall_e_bringup/share/ament_index/resource_index/package_run_dependencies/wall_e_bringup
[6.745s] -- Up-to-date symlink: /home/wukong/WALL_E/install/wall_e_bringup/share/ament_index/resource_index/parent_prefix_path/wall_e_bringup
[6.745s] -- Up-to-date symlink: /home/wukong/WALL_E/install/wall_e_bringup/share/wall_e_bringup/environment/ament_prefix_path.sh
[6.745s] -- Up-to-date symlink: /home/wukong/WALL_E/install/wall_e_bringup/share/wall_e_bringup/environment/ament_prefix_path.dsv
[6.745s] -- Up-to-date symlink: /home/wukong/WALL_E/install/wall_e_bringup/share/wall_e_bringup/environment/path.sh
[6.745s] -- Up-to-date symlink: /home/wukong/WALL_E/install/wall_e_bringup/share/wall_e_bringup/environment/path.dsv
[6.745s] -- Up-to-date symlink: /home/wukong/WALL_E/install/wall_e_bringup/share/wall_e_bringup/local_setup.bash
[6.745s] -- Up-to-date symlink: /home/wukong/WALL_E/install/wall_e_bringup/share/wall_e_bringup/local_setup.sh
[6.745s] -- Up-to-date symlink: /home/wukong/WALL_E/install/wall_e_bringup/share/wall_e_bringup/local_setup.zsh
[6.746s] -- Up-to-date symlink: /home/wukong/WALL_E/install/wall_e_bringup/share/wall_e_bringup/local_setup.dsv
[6.746s] -- Symlinking: /home/wukong/WALL_E/install/wall_e_bringup/share/wall_e_bringup/package.dsv
[6.753s] -- Up-to-date symlink: /home/wukong/WALL_E/install/wall_e_bringup/share/ament_index/resource_index/packages/wall_e_bringup
[6.753s] -- Up-to-date symlink: /home/wukong/WALL_E/install/wall_e_bringup/share/wall_e_bringup/cmake/wall_e_bringupConfig.cmake
[6.754s] -- Up-to-date symlink: /home/wukong/WALL_E/install/wall_e_bringup/share/wall_e_bringup/cmake/wall_e_bringupConfig-version.cmake
[6.754s] -- Up-to-date symlink: /home/wukong/WALL_E/install/wall_e_bringup/share/wall_e_bringup/package.xml
[6.756s] Invoked command in '/home/wukong/WALL_E/build/wall_e_bringup' returned '0': CMAKE_PREFIX_PATH=${CMAKE_PREFIX_PATH}:/opt/ros/jazzy CONDA_PROMPT_MODIFIER=(base) DEBUGINFOD_URLS=https://debuginfod.ubuntu.com /usr/bin/cmake --install /home/wukong/WALL_E/build/wall_e_bringup
