[0.097s] DEBUG:colcon:Command line arguments: ['/usr/bin/colcon', 'build']
[0.097s] DEBUG:colcon:Parsed command line arguments: Namespace(log_base=None, log_level=None, verb_name='build', build_base='build', install_base='install', merge_install=False, symlink_install=False, test_result_base=None, continue_on_error=False, executor='parallel', parallel_workers=16, event_handlers=None, ignore_user_meta=False, metas=['./colcon.meta'], base_paths=['.'], packages_ignore=None, packages_ignore_regex=None, paths=None, packages_up_to=None, packages_up_to_regex=None, packages_above=None, packages_above_and_dependencies=None, packages_above_depth=None, packages_select_by_dep=None, packages_skip_by_dep=None, packages_skip_up_to=None, packages_select_build_failed=False, packages_skip_build_finished=False, packages_select_test_failures=False, packages_skip_test_passed=False, packages_select=None, packages_skip=None, packages_select_regex=None, packages_skip_regex=None, packages_start=None, packages_end=None, allow_overriding=[], cmake_args=None, cmake_target=None, cmake_target_skip_unavailable=False, cmake_clean_cache=False, cmake_clean_first=False, cmake_force_configure=False, ament_cmake_args=None, catkin_cmake_args=None, catkin_skip_building_tests=False, mixin_files=None, mixin=None, verb_parser=<colcon_mixin.mixin.mixin_argument.MixinArgumentDecorator object at 0x710d95cc81d0>, verb_extension=<colcon_core.verb.build.BuildVerb object at 0x710d95dbb560>, main=<bound method BuildVerb.main of <colcon_core.verb.build.BuildVerb object at 0x710d95dbb560>>, mixin_verb=('build',))
[0.140s] Level 1:colcon.colcon_core.package_discovery:discover_packages(colcon_meta) check parameters
[0.141s] Level 1:colcon.colcon_core.package_discovery:discover_packages(recursive) check parameters
[0.141s] Level 1:colcon.colcon_core.package_discovery:discover_packages(ignore) check parameters
[0.141s] Level 1:colcon.colcon_core.package_discovery:discover_packages(path) check parameters
[0.141s] Level 1:colcon.colcon_core.package_discovery:discover_packages(colcon_meta) discover
[0.141s] Level 1:colcon.colcon_core.package_discovery:discover_packages(recursive) discover
[0.141s] INFO:colcon.colcon_core.package_discovery:Crawling recursively for packages in '/home/wukong/WALL_E/src'
[0.141s] Level 1:colcon.colcon_core.package_identification:_identify(.) by extensions ['ignore', 'ignore_ament_install']
[0.141s] Level 1:colcon.colcon_core.package_identification:_identify(.) by extension 'ignore'
[0.141s] Level 1:colcon.colcon_core.package_identification:_identify(.) by extension 'ignore_ament_install'
[0.141s] Level 1:colcon.colcon_core.package_identification:_identify(.) by extensions ['colcon_pkg']
[0.141s] Level 1:colcon.colcon_core.package_identification:_identify(.) by extension 'colcon_pkg'
[0.141s] Level 1:colcon.colcon_core.package_identification:_identify(.) by extensions ['colcon_meta']
[0.141s] Level 1:colcon.colcon_core.package_identification:_identify(.) by extension 'colcon_meta'
[0.141s] Level 1:colcon.colcon_core.package_identification:_identify(.) by extensions ['ros']
[0.141s] Level 1:colcon.colcon_core.package_identification:_identify(.) by extension 'ros'
[0.162s] Level 1:colcon.colcon_core.package_identification:_identify(.) by extensions ['cmake', 'python']
[0.162s] Level 1:colcon.colcon_core.package_identification:_identify(.) by extension 'cmake'
[0.162s] Level 1:colcon.colcon_core.package_identification:_identify(.) by extension 'python'
[0.162s] Level 1:colcon.colcon_core.package_identification:_identify(.) by extensions ['python_setup_py']
[0.162s] Level 1:colcon.colcon_core.package_identification:_identify(.) by extension 'python_setup_py'
[0.162s] Level 1:colcon.colcon_core.package_identification:_identify(build) by extensions ['ignore', 'ignore_ament_install']
[0.162s] Level 1:colcon.colcon_core.package_identification:_identify(build) by extension 'ignore'
[0.162s] Level 1:colcon.colcon_core.package_identification:_identify(build) ignored
[0.162s] Level 1:colcon.colcon_core.package_identification:_identify(install) by extensions ['ignore', 'ignore_ament_install']
[0.162s] Level 1:colcon.colcon_core.package_identification:_identify(install) by extension 'ignore'
[0.162s] Level 1:colcon.colcon_core.package_identification:_identify(install) ignored
[0.162s] Level 1:colcon.colcon_core.package_identification:_identify(log) by extensions ['ignore', 'ignore_ament_install']
[0.162s] Level 1:colcon.colcon_core.package_identification:_identify(log) by extension 'ignore'
[0.162s] Level 1:colcon.colcon_core.package_identification:_identify(log) ignored
[0.162s] Level 1:colcon.colcon_core.package_identification:_identify(wall_e_bringup) by extensions ['ignore', 'ignore_ament_install']
[0.162s] Level 1:colcon.colcon_core.package_identification:_identify(wall_e_bringup) by extension 'ignore'
[0.162s] Level 1:colcon.colcon_core.package_identification:_identify(wall_e_bringup) by extension 'ignore_ament_install'
[0.162s] Level 1:colcon.colcon_core.package_identification:_identify(wall_e_bringup) by extensions ['colcon_pkg']
[0.162s] Level 1:colcon.colcon_core.package_identification:_identify(wall_e_bringup) by extension 'colcon_pkg'
[0.162s] Level 1:colcon.colcon_core.package_identification:_identify(wall_e_bringup) by extensions ['colcon_meta']
[0.162s] Level 1:colcon.colcon_core.package_identification:_identify(wall_e_bringup) by extension 'colcon_meta'
[0.162s] Level 1:colcon.colcon_core.package_identification:_identify(wall_e_bringup) by extensions ['ros']
[0.162s] Level 1:colcon.colcon_core.package_identification:_identify(wall_e_bringup) by extension 'ros'
[0.164s] DEBUG:colcon.colcon_core.package_identification:Package 'wall_e_bringup' with type 'ros.ament_cmake' and name 'wall_e_bringup'
[0.165s] Level 1:colcon.colcon_core.package_discovery:discover_packages(recursive) using defaults
[0.165s] Level 1:colcon.colcon_core.package_discovery:discover_packages(ignore) discover
[0.165s] Level 1:colcon.colcon_core.package_discovery:discover_packages(ignore) using defaults
[0.165s] Level 1:colcon.colcon_core.package_discovery:discover_packages(path) discover
[0.165s] Level 1:colcon.colcon_core.package_discovery:discover_packages(path) using defaults
[0.178s] Level 1:colcon.colcon_core.package_discovery:discover_packages(prefix_path) check parameters
[0.178s] Level 1:colcon.colcon_core.package_discovery:discover_packages(prefix_path) discover
[0.180s] DEBUG:colcon.colcon_installed_package_information.package_discovery:Found 3 installed packages in /home/wukong/WALL_E/install
[0.181s] DEBUG:colcon.colcon_installed_package_information.package_discovery:Found 416 installed packages in /opt/ros/jazzy
[0.182s] Level 1:colcon.colcon_core.package_discovery:discover_packages(prefix_path) using defaults
[0.265s] Level 5:colcon.colcon_core.verb:set package 'wall_e_bringup' build argument 'cmake_args' from command line to 'None'
[0.265s] Level 5:colcon.colcon_core.verb:set package 'wall_e_bringup' build argument 'cmake_target' from command line to 'None'
[0.265s] Level 5:colcon.colcon_core.verb:set package 'wall_e_bringup' build argument 'cmake_target_skip_unavailable' from command line to 'False'
[0.265s] Level 5:colcon.colcon_core.verb:set package 'wall_e_bringup' build argument 'cmake_clean_cache' from command line to 'False'
[0.265s] Level 5:colcon.colcon_core.verb:set package 'wall_e_bringup' build argument 'cmake_clean_first' from command line to 'False'
[0.265s] Level 5:colcon.colcon_core.verb:set package 'wall_e_bringup' build argument 'cmake_force_configure' from command line to 'False'
[0.265s] Level 5:colcon.colcon_core.verb:set package 'wall_e_bringup' build argument 'ament_cmake_args' from command line to 'None'
[0.265s] Level 5:colcon.colcon_core.verb:set package 'wall_e_bringup' build argument 'catkin_cmake_args' from command line to 'None'
[0.265s] Level 5:colcon.colcon_core.verb:set package 'wall_e_bringup' build argument 'catkin_skip_building_tests' from command line to 'False'
[0.265s] DEBUG:colcon.colcon_core.verb:Building package 'wall_e_bringup' with the following arguments: {'ament_cmake_args': None, 'build_base': '/home/wukong/WALL_E/src/build/wall_e_bringup', 'catkin_cmake_args': None, 'catkin_skip_building_tests': False, 'cmake_args': None, 'cmake_clean_cache': False, 'cmake_clean_first': False, 'cmake_force_configure': False, 'cmake_target': None, 'cmake_target_skip_unavailable': False, 'install_base': '/home/wukong/WALL_E/src/install/wall_e_bringup', 'merge_install': False, 'path': '/home/wukong/WALL_E/src/wall_e_bringup', 'symlink_install': False, 'test_result_base': None}
[0.265s] INFO:colcon.colcon_core.executor:Executing jobs using 'parallel' executor
[0.266s] DEBUG:colcon.colcon_parallel_executor.executor.parallel:run_until_complete
[0.266s] INFO:colcon.colcon_ros.task.ament_cmake.build:Building ROS package in '/home/wukong/WALL_E/src/wall_e_bringup' with build type 'ament_cmake'
[0.266s] INFO:colcon.colcon_cmake.task.cmake.build:Building CMake package in '/home/wukong/WALL_E/src/wall_e_bringup'
[0.269s] INFO:colcon.colcon_core.plugin_system:Skipping extension 'colcon_core.shell.bat': Not used on non-Windows systems
[0.269s] INFO:colcon.colcon_core.shell:Skip shell extension 'powershell' for command environment: Not usable outside of PowerShell
[0.269s] DEBUG:colcon.colcon_core.shell:Skip shell extension 'dsv' for command environment
[0.277s] DEBUG:colcon.colcon_core.event_handler.log_command:Invoking command in '/home/wukong/WALL_E/src/build/wall_e_bringup': CMAKE_PREFIX_PATH=${CMAKE_PREFIX_PATH}:/opt/ros/jazzy CONDA_PROMPT_MODIFIER=(base) DEBUGINFOD_URLS=https://debuginfod.ubuntu.com /usr/bin/cmake /home/wukong/WALL_E/src/wall_e_bringup -DCMAKE_INSTALL_PREFIX=/home/wukong/WALL_E/src/install/wall_e_bringup
[1.123s] DEBUG:colcon.colcon_core.event_handler.log_command:Invoked command in '/home/wukong/WALL_E/src/build/wall_e_bringup' returned '0': CMAKE_PREFIX_PATH=${CMAKE_PREFIX_PATH}:/opt/ros/jazzy CONDA_PROMPT_MODIFIER=(base) DEBUGINFOD_URLS=https://debuginfod.ubuntu.com /usr/bin/cmake /home/wukong/WALL_E/src/wall_e_bringup -DCMAKE_INSTALL_PREFIX=/home/wukong/WALL_E/src/install/wall_e_bringup
[1.124s] DEBUG:colcon.colcon_core.event_handler.log_command:Invoking command in '/home/wukong/WALL_E/src/build/wall_e_bringup': CMAKE_PREFIX_PATH=${CMAKE_PREFIX_PATH}:/opt/ros/jazzy CONDA_PROMPT_MODIFIER=(base) DEBUGINFOD_URLS=https://debuginfod.ubuntu.com /usr/bin/cmake --build /home/wukong/WALL_E/src/build/wall_e_bringup -- -j16 -l16
[1.200s] DEBUG:colcon.colcon_core.event_handler.log_command:Invoked command in '/home/wukong/WALL_E/src/build/wall_e_bringup' returned '0': CMAKE_PREFIX_PATH=${CMAKE_PREFIX_PATH}:/opt/ros/jazzy CONDA_PROMPT_MODIFIER=(base) DEBUGINFOD_URLS=https://debuginfod.ubuntu.com /usr/bin/cmake --build /home/wukong/WALL_E/src/build/wall_e_bringup -- -j16 -l16
[1.210s] DEBUG:colcon.colcon_core.event_handler.log_command:Invoking command in '/home/wukong/WALL_E/src/build/wall_e_bringup': CMAKE_PREFIX_PATH=${CMAKE_PREFIX_PATH}:/opt/ros/jazzy CONDA_PROMPT_MODIFIER=(base) DEBUGINFOD_URLS=https://debuginfod.ubuntu.com /usr/bin/cmake --install /home/wukong/WALL_E/src/build/wall_e_bringup
[1.234s] Level 1:colcon.colcon_core.environment:create_environment_scripts_only(wall_e_bringup)
[1.234s] DEBUG:colcon.colcon_core.event_handler.log_command:Invoked command in '/home/wukong/WALL_E/src/build/wall_e_bringup' returned '0': CMAKE_PREFIX_PATH=${CMAKE_PREFIX_PATH}:/opt/ros/jazzy CONDA_PROMPT_MODIFIER=(base) DEBUGINFOD_URLS=https://debuginfod.ubuntu.com /usr/bin/cmake --install /home/wukong/WALL_E/src/build/wall_e_bringup
[1.236s] Level 1:colcon.colcon_core.environment:checking '/home/wukong/WALL_E/src/install/wall_e_bringup' for CMake module files
[1.236s] Level 1:colcon.colcon_core.environment:checking '/home/wukong/WALL_E/src/install/wall_e_bringup' for CMake config files
[1.236s] Level 1:colcon.colcon_core.shell:create_environment_hook('wall_e_bringup', 'cmake_prefix_path')
[1.236s] INFO:colcon.colcon_core.shell:Creating environment hook '/home/wukong/WALL_E/src/install/wall_e_bringup/share/wall_e_bringup/hook/cmake_prefix_path.ps1'
[1.237s] INFO:colcon.colcon_core.shell:Creating environment descriptor '/home/wukong/WALL_E/src/install/wall_e_bringup/share/wall_e_bringup/hook/cmake_prefix_path.dsv'
[1.237s] INFO:colcon.colcon_core.shell:Creating environment hook '/home/wukong/WALL_E/src/install/wall_e_bringup/share/wall_e_bringup/hook/cmake_prefix_path.sh'
[1.237s] Level 1:colcon.colcon_core.environment:checking '/home/wukong/WALL_E/src/install/wall_e_bringup/lib'
[1.237s] Level 1:colcon.colcon_core.environment:checking '/home/wukong/WALL_E/src/install/wall_e_bringup/bin'
[1.238s] Level 1:colcon.colcon_core.environment:checking '/home/wukong/WALL_E/src/install/wall_e_bringup/lib/pkgconfig/wall_e_bringup.pc'
[1.238s] Level 1:colcon.colcon_core.environment:checking '/home/wukong/WALL_E/src/install/wall_e_bringup/lib/python3.12/site-packages'
[1.238s] Level 1:colcon.colcon_core.environment:checking '/home/wukong/WALL_E/src/install/wall_e_bringup/bin'
[1.238s] INFO:colcon.colcon_core.shell:Creating package script '/home/wukong/WALL_E/src/install/wall_e_bringup/share/wall_e_bringup/package.ps1'
[1.238s] INFO:colcon.colcon_core.shell:Creating package descriptor '/home/wukong/WALL_E/src/install/wall_e_bringup/share/wall_e_bringup/package.dsv'
[1.239s] INFO:colcon.colcon_core.shell:Creating package script '/home/wukong/WALL_E/src/install/wall_e_bringup/share/wall_e_bringup/package.sh'
[1.239s] INFO:colcon.colcon_core.shell:Creating package script '/home/wukong/WALL_E/src/install/wall_e_bringup/share/wall_e_bringup/package.bash'
[1.239s] INFO:colcon.colcon_core.shell:Creating package script '/home/wukong/WALL_E/src/install/wall_e_bringup/share/wall_e_bringup/package.zsh'
[1.240s] Level 1:colcon.colcon_core.environment:create_file_with_runtime_dependencies(/home/wukong/WALL_E/src/install/wall_e_bringup/share/colcon-core/packages/wall_e_bringup)
[1.240s] Level 1:colcon.colcon_core.environment:create_environment_scripts_only(wall_e_bringup)
[1.240s] Level 1:colcon.colcon_core.environment:checking '/home/wukong/WALL_E/src/install/wall_e_bringup' for CMake module files
[1.240s] Level 1:colcon.colcon_core.environment:checking '/home/wukong/WALL_E/src/install/wall_e_bringup' for CMake config files
[1.241s] Level 1:colcon.colcon_core.shell:create_environment_hook('wall_e_bringup', 'cmake_prefix_path')
[1.241s] INFO:colcon.colcon_core.shell:Creating environment hook '/home/wukong/WALL_E/src/install/wall_e_bringup/share/wall_e_bringup/hook/cmake_prefix_path.ps1'
[1.241s] INFO:colcon.colcon_core.shell:Creating environment descriptor '/home/wukong/WALL_E/src/install/wall_e_bringup/share/wall_e_bringup/hook/cmake_prefix_path.dsv'
[1.241s] INFO:colcon.colcon_core.shell:Creating environment hook '/home/wukong/WALL_E/src/install/wall_e_bringup/share/wall_e_bringup/hook/cmake_prefix_path.sh'
[1.241s] Level 1:colcon.colcon_core.environment:checking '/home/wukong/WALL_E/src/install/wall_e_bringup/lib'
[1.241s] Level 1:colcon.colcon_core.environment:checking '/home/wukong/WALL_E/src/install/wall_e_bringup/bin'
[1.241s] Level 1:colcon.colcon_core.environment:checking '/home/wukong/WALL_E/src/install/wall_e_bringup/lib/pkgconfig/wall_e_bringup.pc'
[1.242s] Level 1:colcon.colcon_core.environment:checking '/home/wukong/WALL_E/src/install/wall_e_bringup/lib/python3.12/site-packages'
[1.242s] Level 1:colcon.colcon_core.environment:checking '/home/wukong/WALL_E/src/install/wall_e_bringup/bin'
[1.242s] INFO:colcon.colcon_core.shell:Creating package script '/home/wukong/WALL_E/src/install/wall_e_bringup/share/wall_e_bringup/package.ps1'
[1.242s] INFO:colcon.colcon_core.shell:Creating package descriptor '/home/wukong/WALL_E/src/install/wall_e_bringup/share/wall_e_bringup/package.dsv'
[1.243s] INFO:colcon.colcon_core.shell:Creating package script '/home/wukong/WALL_E/src/install/wall_e_bringup/share/wall_e_bringup/package.sh'
[1.243s] INFO:colcon.colcon_core.shell:Creating package script '/home/wukong/WALL_E/src/install/wall_e_bringup/share/wall_e_bringup/package.bash'
[1.243s] INFO:colcon.colcon_core.shell:Creating package script '/home/wukong/WALL_E/src/install/wall_e_bringup/share/wall_e_bringup/package.zsh'
[1.243s] Level 1:colcon.colcon_core.environment:create_file_with_runtime_dependencies(/home/wukong/WALL_E/src/install/wall_e_bringup/share/colcon-core/packages/wall_e_bringup)
[1.244s] DEBUG:colcon.colcon_parallel_executor.executor.parallel:closing loop
[1.244s] DEBUG:colcon.colcon_parallel_executor.executor.parallel:loop closed
[1.244s] DEBUG:colcon.colcon_parallel_executor.executor.parallel:run_until_complete finished with '0'
[1.244s] DEBUG:colcon.colcon_core.event_reactor:joining thread
[1.248s] INFO:colcon.colcon_core.plugin_system:Skipping extension 'colcon_notification.desktop_notification.terminal_notifier': Not used on non-Darwin systems
[1.248s] INFO:colcon.colcon_core.plugin_system:Skipping extension 'colcon_notification.desktop_notification.win32': Not used on non-Windows systems
[1.248s] INFO:colcon.colcon_notification.desktop_notification:Sending desktop notification using 'notify2'
[1.261s] DEBUG:colcon.colcon_core.event_reactor:joined thread
[1.261s] INFO:colcon.colcon_core.shell:Creating prefix script '/home/wukong/WALL_E/src/install/local_setup.ps1'
[1.262s] INFO:colcon.colcon_core.shell:Creating prefix util module '/home/wukong/WALL_E/src/install/_local_setup_util_ps1.py'
[1.263s] INFO:colcon.colcon_core.shell:Creating prefix chain script '/home/wukong/WALL_E/src/install/setup.ps1'
[1.264s] INFO:colcon.colcon_core.shell:Creating prefix script '/home/wukong/WALL_E/src/install/local_setup.sh'
[1.264s] INFO:colcon.colcon_core.shell:Creating prefix util module '/home/wukong/WALL_E/src/install/_local_setup_util_sh.py'
[1.264s] INFO:colcon.colcon_core.shell:Creating prefix chain script '/home/wukong/WALL_E/src/install/setup.sh'
[1.265s] INFO:colcon.colcon_core.shell:Creating prefix script '/home/wukong/WALL_E/src/install/local_setup.bash'
[1.266s] INFO:colcon.colcon_core.shell:Creating prefix chain script '/home/wukong/WALL_E/src/install/setup.bash'
[1.266s] INFO:colcon.colcon_core.shell:Creating prefix script '/home/wukong/WALL_E/src/install/local_setup.zsh'
[1.267s] INFO:colcon.colcon_core.shell:Creating prefix chain script '/home/wukong/WALL_E/src/install/setup.zsh'
