[0.014s] Invoking command in '/home/wukong/WALL_E/build/wall_e_bringup': CMAKE_PREFIX_PATH=${CMAKE_PREFIX_PATH}:/opt/ros/jazzy CONDA_PROMPT_MODIFIER=(base) DEBUGINFOD_URLS=https://debuginfod.ubuntu.com /usr/bin/cmake --build /home/wukong/WALL_E/build/wall_e_bringup -- -j16 -l16
[0.106s] [ 75%] Built target controller_node
[0.106s] [ 75%] Built target state_machine
[0.106s] [ 75%] Built target uno_bridge
[0.112s] [ 87%] [32mBuilding CXX object CMakeFiles/mega_node.dir/src/mega_node.cpp.o[0m
[6.541s] [100%] [32m[1mLinking CXX executable mega_node[0m
[6.775s] [100%] Built target mega_node
[6.784s] Invoked command in '/home/wukong/WALL_E/build/wall_e_bringup' returned '0': CMAKE_PREFIX_PATH=${CMAKE_PREFIX_PATH}:/opt/ros/jazzy CONDA_PROMPT_MODIFIER=(base) DEBUGINFOD_URLS=https://debuginfod.ubuntu.com /usr/bin/cmake --build /home/wukong/WALL_E/build/wall_e_bringup -- -j16 -l16
[6.793s] Invoking command in '/home/wukong/WALL_E/build/wall_e_bringup': CMAKE_PREFIX_PATH=${CMAKE_PREFIX_PATH}:/opt/ros/jazzy CONDA_PROMPT_MODIFIER=(base) DEBUGINFOD_URLS=https://debuginfod.ubuntu.com /usr/bin/cmake --install /home/wukong/WALL_E/build/wall_e_bringup
[6.798s] -- Install configuration: ""
[6.798s] -- Execute custom install script
[6.799s] -- Up-to-date symlink: /home/wukong/WALL_E/install/wall_e_bringup/lib/wall_e_bringup/mega_node
[6.799s] -- Up-to-date symlink: /home/wukong/WALL_E/install/wall_e_bringup/lib/wall_e_bringup/uno_bridge
[6.799s] -- Up-to-date symlink: /home/wukong/WALL_E/install/wall_e_bringup/lib/wall_e_bringup/state_machine
[6.799s] -- Up-to-date symlink: /home/wukong/WALL_E/install/wall_e_bringup/lib/wall_e_bringup/controller_node
[6.799s] -- Up-to-date symlink: /home/wukong/WALL_E/install/wall_e_bringup/lib/wall_e_bringup/llama_interpreter_node.py
[6.799s] -- Up-to-date symlink: /home/wukong/WALL_E/install/wall_e_bringup/lib/wall_e_bringup/llama_nav_node.py
[6.800s] -- Up-to-date symlink: /home/wukong/WALL_E/install/wall_e_bringup/lib/wall_e_bringup/fake_odom.py
[6.800s] -- Up-to-date symlink: /home/wukong/WALL_E/install/wall_e_bringup/lib/wall_e_bringup/udp_godot_bridge.py
[6.800s] -- Up-to-date symlink: /home/wukong/WALL_E/install/wall_e_bringup/lib/wall_e_bringup/yolo_nav_node.py
[6.800s] -- Up-to-date symlink: /home/wukong/WALL_E/install/wall_e_bringup/lib/wall_e_bringup/webrtc_video_bridge.py
[6.801s] -- Up-to-date symlink: /home/wukong/WALL_E/install/wall_e_bringup/share/wall_e_bringup/launch/wall_e.launch.py
[6.801s] -- Up-to-date symlink: /home/wukong/WALL_E/install/wall_e_bringup/share/wall_e_bringup/urdf/wall_e.urdf.xacro
[6.801s] -- Up-to-date symlink: /home/wukong/WALL_E/install/wall_e_bringup/share/wall_e_bringup/config/nav2_params.yaml
[6.801s] -- Up-to-date symlink: /home/wukong/WALL_E/install/wall_e_bringup/share/wall_e_bringup/config/rtabmap.yaml
[6.801s] -- Up-to-date symlink: /home/wukong/WALL_E/install/wall_e_bringup/share/ament_index/resource_index/package_run_dependencies/wall_e_bringup
[6.801s] -- Up-to-date symlink: /home/wukong/WALL_E/install/wall_e_bringup/share/ament_index/resource_index/parent_prefix_path/wall_e_bringup
[6.801s] -- Up-to-date symlink: /home/wukong/WALL_E/install/wall_e_bringup/share/wall_e_bringup/environment/ament_prefix_path.sh
[6.801s] -- Up-to-date symlink: /home/wukong/WALL_E/install/wall_e_bringup/share/wall_e_bringup/environment/ament_prefix_path.dsv
[6.801s] -- Up-to-date symlink: /home/wukong/WALL_E/install/wall_e_bringup/share/wall_e_bringup/environment/path.sh
[6.801s] -- Up-to-date symlink: /home/wukong/WALL_E/install/wall_e_bringup/share/wall_e_bringup/environment/path.dsv
[6.801s] -- Up-to-date symlink: /home/wukong/WALL_E/install/wall_e_bringup/share/wall_e_bringup/local_setup.bash
[6.802s] -- Up-to-date symlink: /home/wukong/WALL_E/install/wall_e_bringup/share/wall_e_bringup/local_setup.sh
[6.802s] -- Up-to-date symlink: /home/wukong/WALL_E/install/wall_e_bringup/share/wall_e_bringup/local_setup.zsh
[6.802s] -- Up-to-date symlink: /home/wukong/WALL_E/install/wall_e_bringup/share/wall_e_bringup/local_setup.dsv
[6.802s] -- Symlinking: /home/wukong/WALL_E/install/wall_e_bringup/share/wall_e_bringup/package.dsv
[6.810s] -- Up-to-date symlink: /home/wukong/WALL_E/install/wall_e_bringup/share/ament_index/resource_index/packages/wall_e_bringup
[6.810s] -- Up-to-date symlink: /home/wukong/WALL_E/install/wall_e_bringup/share/wall_e_bringup/cmake/wall_e_bringupConfig.cmake
[6.810s] -- Up-to-date symlink: /home/wukong/WALL_E/install/wall_e_bringup/share/wall_e_bringup/cmake/wall_e_bringupConfig-version.cmake
[6.810s] -- Up-to-date symlink: /home/wukong/WALL_E/install/wall_e_bringup/share/wall_e_bringup/package.xml
[6.812s] Invoked command in '/home/wukong/WALL_E/build/wall_e_bringup' returned '0': CMAKE_PREFIX_PATH=${CMAKE_PREFIX_PATH}:/opt/ros/jazzy CONDA_PROMPT_MODIFIER=(base) DEBUGINFOD_URLS=https://debuginfod.ubuntu.com /usr/bin/cmake --install /home/wukong/WALL_E/build/wall_e_bringup
