[0.008s] Invoking command in '/home/wukong/WALL_E/src/build/wall_e_bringup': CMAKE_PREFIX_PATH=${CMAKE_PREFIX_PATH}:/opt/ros/jazzy CONDA_PROMPT_MODIFIER=(base) DEBUGINFOD_URLS=https://debuginfod.ubuntu.com /usr/bin/cmake --build /home/wukong/WALL_E/src/build/wall_e_bringup -- -j16 -l16
[0.062s] [ 50%] Built target uno_bridge
[0.062s] [ 50%] Built target controller_node
[0.067s] [100%] Built target state_machine
[0.067s] [100%] Built target mega_node
[0.078s] Invoked command in '/home/wukong/WALL_E/src/build/wall_e_bringup' returned '0': CMAKE_PREFIX_PATH=${CMAKE_PREFIX_PATH}:/opt/ros/jazzy CONDA_PROMPT_MODIFIER=(base) DEBUGINFOD_URLS=https://debuginfod.ubuntu.com /usr/bin/cmake --build /home/wukong/WALL_E/src/build/wall_e_bringup -- -j16 -l16
[0.088s] Invoking command in '/home/wukong/WALL_E/src/build/wall_e_bringup': CMAKE_PREFIX_PATH=${CMAKE_PREFIX_PATH}:/opt/ros/jazzy CONDA_PROMPT_MODIFIER=(base) DEBUGINFOD_URLS=https://debuginfod.ubuntu.com /usr/bin/cmake --install /home/wukong/WALL_E/src/build/wall_e_bringup
[0.096s] -- Install configuration: ""
[0.096s] -- Execute custom install script
[0.096s] -- Up-to-date symlink: /home/wukong/WALL_E/src/install/wall_e_bringup/lib/wall_e_bringup/mega_node
[0.097s] -- Up-to-date symlink: /home/wukong/WALL_E/src/install/wall_e_bringup/lib/wall_e_bringup/uno_bridge
[0.097s] -- Up-to-date symlink: /home/wukong/WALL_E/src/install/wall_e_bringup/lib/wall_e_bringup/state_machine
[0.097s] -- Up-to-date symlink: /home/wukong/WALL_E/src/install/wall_e_bringup/lib/wall_e_bringup/controller_node
[0.097s] -- Up-to-date symlink: /home/wukong/WALL_E/src/install/wall_e_bringup/lib/wall_e_bringup/llama_interpreter_node.py
[0.097s] -- Up-to-date symlink: /home/wukong/WALL_E/src/install/wall_e_bringup/lib/wall_e_bringup/llama_nav_node.py
[0.097s] -- Up-to-date symlink: /home/wukong/WALL_E/src/install/wall_e_bringup/lib/wall_e_bringup/fake_odom.py
[0.097s] -- Up-to-date symlink: /home/wukong/WALL_E/src/install/wall_e_bringup/lib/wall_e_bringup/udp_godot_bridge.py
[0.097s] -- Up-to-date symlink: /home/wukong/WALL_E/src/install/wall_e_bringup/lib/wall_e_bringup/yolo_nav_node.py
[0.097s] -- Up-to-date symlink: /home/wukong/WALL_E/src/install/wall_e_bringup/lib/wall_e_bringup/webrtc_video_bridge.py
[0.097s] -- Up-to-date symlink: /home/wukong/WALL_E/src/install/wall_e_bringup/lib/wall_e_bringup/odom_to_tf.py
[0.097s] -- Up-to-date symlink: /home/wukong/WALL_E/src/install/wall_e_bringup/share/wall_e_bringup/launch/wall_e.launch.py
[0.098s] -- Up-to-date symlink: /home/wukong/WALL_E/src/install/wall_e_bringup/share/wall_e_bringup/launch/wall_e_gazebo.launch.py
[0.098s] -- Up-to-date symlink: /home/wukong/WALL_E/src/install/wall_e_bringup/share/wall_e_bringup/urdf/wall_e.urdf.xacro
[0.098s] -- Up-to-date symlink: /home/wukong/WALL_E/src/install/wall_e_bringup/share/wall_e_bringup/config/nav2_params.yaml
[0.098s] -- Up-to-date symlink: /home/wukong/WALL_E/src/install/wall_e_bringup/share/wall_e_bringup/config/rtabmap.yaml
[0.098s] -- Up-to-date symlink: /home/wukong/WALL_E/src/install/wall_e_bringup/share/wall_e_bringup/worlds/test_room.sdf
[0.098s] -- Up-to-date symlink: /home/wukong/WALL_E/src/install/wall_e_bringup/share/ament_index/resource_index/package_run_dependencies/wall_e_bringup
[0.098s] -- Up-to-date symlink: /home/wukong/WALL_E/src/install/wall_e_bringup/share/ament_index/resource_index/parent_prefix_path/wall_e_bringup
[0.098s] -- Up-to-date symlink: /home/wukong/WALL_E/src/install/wall_e_bringup/share/wall_e_bringup/environment/ament_prefix_path.sh
[0.098s] -- Up-to-date symlink: /home/wukong/WALL_E/src/install/wall_e_bringup/share/wall_e_bringup/environment/ament_prefix_path.dsv
[0.099s] -- Up-to-date symlink: /home/wukong/WALL_E/src/install/wall_e_bringup/share/wall_e_bringup/environment/path.sh
[0.099s] -- Up-to-date symlink: /home/wukong/WALL_E/src/install/wall_e_bringup/share/wall_e_bringup/environment/path.dsv
[0.099s] -- Up-to-date symlink: /home/wukong/WALL_E/src/install/wall_e_bringup/share/wall_e_bringup/local_setup.bash
[0.099s] -- Up-to-date symlink: /home/wukong/WALL_E/src/install/wall_e_bringup/share/wall_e_bringup/local_setup.sh
[0.099s] -- Up-to-date symlink: /home/wukong/WALL_E/src/install/wall_e_bringup/share/wall_e_bringup/local_setup.zsh
[0.099s] -- Up-to-date symlink: /home/wukong/WALL_E/src/install/wall_e_bringup/share/wall_e_bringup/local_setup.dsv
[0.099s] -- Symlinking: /home/wukong/WALL_E/src/install/wall_e_bringup/share/wall_e_bringup/package.dsv
[0.108s] -- Up-to-date symlink: /home/wukong/WALL_E/src/install/wall_e_bringup/share/ament_index/resource_index/packages/wall_e_bringup
[0.108s] -- Up-to-date symlink: /home/wukong/WALL_E/src/install/wall_e_bringup/share/wall_e_bringup/cmake/wall_e_bringupConfig.cmake
[0.108s] -- Up-to-date symlink: /home/wukong/WALL_E/src/install/wall_e_bringup/share/wall_e_bringup/cmake/wall_e_bringupConfig-version.cmake
[0.109s] -- Up-to-date symlink: /home/wukong/WALL_E/src/install/wall_e_bringup/share/wall_e_bringup/package.xml
[0.110s] Invoked command in '/home/wukong/WALL_E/src/build/wall_e_bringup' returned '0': CMAKE_PREFIX_PATH=${CMAKE_PREFIX_PATH}:/opt/ros/jazzy CONDA_PROMPT_MODIFIER=(base) DEBUGINFOD_URLS=https://debuginfod.ubuntu.com /usr/bin/cmake --install /home/wukong/WALL_E/src/build/wall_e_bringup
