[0.011s] Invoking command in '/home/wukong/WALL_E/build/TankStatus': CONDA_PROMPT_MODIFIER=(base) DEBUGINFOD_URLS=https://debuginfod.ubuntu.com /usr/bin/cmake /home/wukong/WALL_E/ParralaxController/lib/TankStatus -DCMAKE_INSTALL_PREFIX=/home/wukong/WALL_E/install/TankStatus
[0.041s] [33mCMake Warning (dev) in CMakeLists.txt:
[0.041s]   No project() command is present.  The top-level CMakeLists.txt file must
[0.041s]   contain a literal, direct call to the project() command.  Add a line of
[0.041s]   code such as
[0.041s] 
[0.041s]     project(ProjectName)
[0.041s] 
[0.041s]   near the top of the file, but after cmake_minimum_required().
[0.041s] 
[0.041s]   CMake is pretending there is a "project(Project)" command on the first
[0.041s]   line.
[0.041s] This warning is for project developers.  Use -Wno-dev to suppress it.
[0.041s] [0m
[0.041s] [33mCMake Warning (dev) in CMakeLists.txt:
[0.042s]   cmake_minimum_required() should be called prior to this top-level project()
[0.042s]   call.  Please see the cmake-commands(7) manual for usage documentation of
[0.042s]   both commands.
[0.042s] This warning is for project developers.  Use -Wno-dev to suppress it.
[0.042s] [0m
[0.132s] -- The C compiler identification is GNU 13.3.0
[0.173s] -- The CXX compiler identification is GNU 13.3.0
[0.188s] -- Detecting C compiler ABI info
[0.264s] -- Detecting C compiler ABI info - done
[0.270s] -- Check for working C compiler: /usr/bin/cc - skipped
[0.270s] -- Detecting C compile features
[0.270s] -- Detecting C compile features - done
[0.277s] -- Detecting CXX compiler ABI info
[0.349s] -- Detecting CXX compiler ABI info - done
[0.355s] -- Check for working CXX compiler: /usr/bin/c++ - skipped
[0.355s] -- Detecting CXX compile features
[0.355s] -- Detecting CXX compile features - done
[0.356s] -- Configuring done (0.3s)
[0.356s] -- Generating done (0.0s)
[0.358s] -- Build files have been written to: /home/wukong/WALL_E/build/TankStatus
[0.361s] Invoked command in '/home/wukong/WALL_E/build/TankStatus' returned '0': CONDA_PROMPT_MODIFIER=(base) DEBUGINFOD_URLS=https://debuginfod.ubuntu.com /usr/bin/cmake /home/wukong/WALL_E/ParralaxController/lib/TankStatus -DCMAKE_INSTALL_PREFIX=/home/wukong/WALL_E/install/TankStatus
[0.362s] Invoking command in '/home/wukong/WALL_E/build/TankStatus': CONDA_PROMPT_MODIFIER=(base) DEBUGINFOD_URLS=https://debuginfod.ubuntu.com /usr/bin/cmake --build /home/wukong/WALL_E/build/TankStatus -- -j16 -l16
[0.392s] Invoked command in '/home/wukong/WALL_E/build/TankStatus' returned '0': CONDA_PROMPT_MODIFIER=(base) DEBUGINFOD_URLS=https://debuginfod.ubuntu.com /usr/bin/cmake --build /home/wukong/WALL_E/build/TankStatus -- -j16 -l16
